Microchip MPLAB XC8 Compiler V2.30

Linker command line:

-W-3 --edf=C:\Program Files\Microchip\xc8\v2.30\pic\dat\en_msgs.txt -cn \
  -h+dist/default/debug\music_box.X.debug.sym \
  --cmf=dist/default/debug\music_box.X.debug.cmf -z -Q16F84A \
  -oC:\Users\8E9B~1\AppData\Local\Temp\sf1cx2 --defsym=__MPLAB_BUILD=1 \
  -Mdist/default/debug/music_box.X.debug.map -E1 -ver=XC8 Compiler \
  --acfsm=1493 -ASTACK=020h-04Dh -pstack=STACK -ACODE=00h-03FFh \
  -ASTRCODE=00h-03FFh -ASTRING=00h-0FFhx4 -ACONST=00h-0FFhx4 \
  -AENTRY=00h-0FFhx4 -ABANK0=0Ch-04Dh -ARAM=0Ch-04Dh -AABS1=0Ch-04Fh \
  -ACOMMON=04Eh-04Fh -ASFR0=00h-0Bh -ASFR1=080h-0CDh -ACONFIG=02007h-02007h \
  -DCONFIG=2 -AIDLOC=02000h-02003h -DIDLOC=2 -AEEDATA=00h-03Fh/02100h \
  -peeprom_data=EEDATA -DEEDATA=2 -DCODE=2 -DSTRCODE=2 -DSTRING=2 -DCONST=2 \
  -DENTRY=2 -preset_vec=00h,intentry=04h,init,end_init -ppowerup=CODE \
  -pcinit=CODE -pfunctab=ENTRY -k \
  C:\Users\8E9B~1\AppData\Local\Temp\sf1cxe.o \
  dist/default/debug\music_box.X.debug.o 

Object code version is 3.11

Machine type is 16F84A



                Name                               Link     Load   Length Selector   Space Scale
C:\Users\8E9B~1\AppData\Local\Temp\sf1cxe.o
                end_init                              B        B        1        8       0
                reset_vec                             0        0        1        0       0
                config                             2007     2007        1        0       4
dist/default/debug\music_box.X.debug.o
                cinit                                 C        C        6        8       0
                intentry                              4        4        7        8       0
                eeprom_data                           0     2100       10     4200       3
                config                             2007     2007        1        0       4
                text11                               12       12       5F        8       0
                text10                              1B6      1B6       14        8       0
                text9                                9C       9C       25        8       0
                text8                               166      166       1F        8       0
                text7                                C1       C1       24        8       0
                text6                               127      127       20        8       0
                text5                               106      106       21        8       0
                text4                               147      147       1F        8       0
                text3                                71       71       2B        8       0
                text2                               19F      19F       17        8       0
                text1                               185      185       1A        8       0
                maintext                             E5       E5       21        8       0
                cstackBANK0                           C        C       11        C       1
                bssBANK0                             1D       1D        3        C       1

TOTAL           Name                               Link     Load   Length     Space
        CLASS   STACK          

        CLASS   CODE           
                end_init                              B        B        1         0
                cinit                                 C        C        6         0
                intentry                              4        4        7         0
                reset_vec                             0        0        1         0
                text11                               12       12       5F         0
                text10                              1B6      1B6       14         0
                text9                                9C       9C       25         0
                text8                               166      166       1F         0
                text7                                C1       C1       24         0
                text6                               127      127       20         0
                text5                               106      106       21         0
                text4                               147      147       1F         0
                text3                                71       71       2B         0
                text2                               19F      19F       17         0
                text1                               185      185       1A         0
                maintext                             E5       E5       21         0

        CLASS   STRCODE        

        CLASS   STRING         

        CLASS   CONST          

        CLASS   ENTRY          

        CLASS   BANK0          
                cstackBANK0                           C        C       11         1
                bssBANK0                             1D       1D        3         1

        CLASS   RAM            

        CLASS   ABS1           
                abs_s1                               4E       4E        2         1

        CLASS   COMMON         

        CLASS   SFR0           

        CLASS   SFR1           

        CLASS   CONFIG         
                config                             2007     2007        1         4

        CLASS   IDLOC          

        CLASS   EEDATA         
                eeprom_data                           0     2100       10         3

        CLASS   BANK1          



SEGMENTS        Name                           Load    Length   Top    Selector   Space  Class     Delta

                reset_vec                      000000  000001  000001         0       0  CODE        2
                intentry                       000004  0001C6  0001CA         8       0  CODE        2
                cstackBANK0                    00000C  000014  000020         C       1  BANK0       1
                eeprom_data                    002100  000010  002110      4200       3  EEDATA      2


UNUSED ADDRESS RANGES

        Name                Unused          Largest block    Delta
        BANK0            0020-004D             2E           1
        CODE             0001-0003              3           2
                         01CA-03FF            236
        CONST            0001-0003              3           2
                         01CA-03FF            100
        EEDATA           2110-213F             30           2
        ENTRY            0001-0003              3           2
                         01CA-03FF            100
        IDLOC            2000-2003              4           2
        RAM              0020-004D             2E           1
        SFR0             0000-000B              C           1
        SFR1             0080-00CD             4E           1
        STACK            0020-004D             2E           1
        STRCODE          0001-0003              3           2
                         01CA-03FF            236
        STRING           0001-0003              3           2
                         01CA-03FF            100

                                  Symbol Table

_EEADR                   (abs)        0009
_EECON1                  (abs)        0088
_EECON1bits              (abs)        0088
_EEDATA                  (abs)        0008
_INTCONbits              (abs)        000B
_OPTION_REG              (abs)        0081
_OPTION_REGbits          (abs)        0081
_PORTBbits               (abs)        0006
_TMR0                    (abs)        0001
_TRISA                   (abs)        0085
_TRISB                   (abs)        0086
__Beeprom_data           eeprom_data  2100
__Habs1                  abs1         0000
__Hbank0                 bank0        0000
__Hbank1                 bank1        0000
__HbssBANK0              bssBANK0     0000
__Hcinit                 cinit        0012
__Hclrtext               clrtext      0000
__Hcode                  code         0000
__Hcommon                common       0000
__Hconfig                config       2008
__HcstackBANK0           cstackBANK0  0000
__HcstackCOMMON          cstackCOMMON 0000
__Heeprom_data           eeprom_data  0010
__Hend_init              end_init     000C
__Hfunctab               functab      0000
__Hinit                  init         000B
__Hintentry              intentry     000B
__Hmaintext              maintext     0000
__Hpowerup               powerup      0000
__Hram                   ram          0000
__Hreset_vec             reset_vec    0001
__Hsfr0                  sfr0         0000
__Hsfr1                  sfr1         0000
__Hspace_0               (abs)        01CA
__Hspace_1               (abs)        0020
__Hspace_2               (abs)        0000
__Hspace_3               (abs)        0010
__Hspace_4               (abs)        400F
__Hstack                 stack        0000
__Hstrings               strings      0000
__Htext                  text         0000
__Labs1                  abs1         0000
__Lbank0                 bank0        0000
__Lbank1                 bank1        0000
__LbssBANK0              bssBANK0     0000
__Lcinit                 cinit        000C
__Lclrtext               clrtext      0000
__Lcode                  code         0000
__Lcommon                common       0000
__Lconfig                config       0000
__LcstackBANK0           cstackBANK0  0000
__LcstackCOMMON          cstackCOMMON 0000
__Leeprom_data           eeprom_data  0000
__Lend_init              end_init     000B
__Lfunctab               functab      0000
__Linit                  init         000B
__Lintentry              intentry     0004
__Lmaintext              maintext     0000
__Lpowerup               powerup      0000
__Lram                   ram          0000
__Lreset_vec             reset_vec    0000
__Lsfr0                  sfr0         0000
__Lsfr1                  sfr1         0000
__Lspace_0               (abs)        0000
__Lspace_1               (abs)        0000
__Lspace_2               (abs)        0000
__Lspace_3               (abs)        0000
__Lspace_4               (abs)        0000
__Lstack                 stack        0000
__Lstrings               strings      0000
__Ltext                  text         0000
__S0                     (abs)        01CA
__S1                     (abs)        0020
__S2                     (abs)        0000
__S3                     (abs)        2110
___int_sp                stack        0000
___latbits               (abs)        0000
___sp                    stack        0000
___stackhi               (abs)        0000
___stacklo               (abs)        0000
__end_of__initialization cinit        0010
__end_of_eeprom_read     text10       01CA
__end_of_main            maintext     0106
__end_of_make_sound      text3        009C
__end_of_my_isr_routine  text11       0071
__end_of_song_1          text2        01B6
__end_of_song_2          text1        019F
__end_of_sound_11        text9        00C1
__end_of_sound_12        text8        0185
__end_of_sound_13        text7        00E5
__end_of_sound_14        text6        0147
__end_of_sound_15        text5        0127
__end_of_sound_16        text4        0166
__initialization         cinit        000C
__pbssBANK0              bssBANK0     001D
__pcstackBANK0           cstackBANK0  000C
__pcstackCOMMON          cstackCOMMON 0000
__pintentry              intentry     0004
__pmaintext              maintext     00E5
__ptext1                 text1        0185
__ptext10                text10       01B6
__ptext11                text11       0012
__ptext2                 text2        019F
__ptext3                 text3        0071
__ptext4                 text4        0147
__ptext5                 text5        0106
__ptext6                 text6        0127
__ptext7                 text7        00C1
__ptext8                 text8        0166
__ptext9                 text9        009C
__size_of_eeprom_read    (abs)        0000
__size_of_main           (abs)        0000
__size_of_make_sound     (abs)        0000
__size_of_my_isr_routine (abs)        0000
__size_of_song_1         (abs)        0000
__size_of_song_2         (abs)        0000
__size_of_sound_11       (abs)        0000
__size_of_sound_12       (abs)        0000
__size_of_sound_13       (abs)        0000
__size_of_sound_14       (abs)        0000
__size_of_sound_15       (abs)        0000
__size_of_sound_16       (abs)        0000
_eeprom_read             text10       01B6
_is_time_over            bssBANK0     001E
_main                    maintext     00E5
_make_sound              text3        0071
_my_isr_routine          text11       0012
_sec                     bssBANK0     001D
_song_1                  text2        019F
_song_2                  text1        0185
_sound_11                text9        009C
_sound_12                text8        0166
_sound_13                text7        00C1
_sound_14                text6        0127
_sound_15                text5        0106
_sound_16                text4        0147
_state                   bssBANK0     001F
btemp                    (abs)        004E
eeprom_read@addr         cstackBANK0  0010
end_of_initialization    cinit        0010
interrupt_function       intentry     0004
intlevel0                functab      0000
intlevel1                functab      0000
intlevel2                functab      0000
intlevel3                functab      0000
intlevel4                functab      0000
intlevel5                functab      0000
make_sound@n             cstackBANK0  0014
reset_vec                reset_vec    0000
saved_w                  (abs)        004E
song_1@i                 cstackBANK0  0017
song_1@value             cstackBANK0  0018
song_2@i                 cstackBANK0  0017
song_2@value             cstackBANK0  0018
sound_11@i               cstackBANK0  0011
sound_12@i               cstackBANK0  0010
sound_13@i               cstackBANK0  0011
sound_14@i               cstackBANK0  0010
sound_15@i               cstackBANK0  0011
sound_16@i               cstackBANK0  0010
start                    init         000B
start_initialization     cinit        000C
wtemp0                   (abs)        004E


FUNCTION INFORMATION:

 *************** function _main *****************
 Defined at:
		line 29 in file "mb.c"
 Parameters:    Size  Location     Type
  argc            2   13[BANK0 ] int 
  argv            2   15[BANK0 ] PTR PTR unsigned char 
 Auto vars:     Size  Location     Type
		None
 Return value:  Size  Location     Type
                  2   13[BANK0 ] int 
 Registers used:
		wreg, fsr0l, fsr0h, status,2, status,0, pclath, cstack
 Tracked objects:
		On entry : 
		On exit  : 
		Unchanged: 
 Data sizes:     COMMON   BANK0
      Params:         0       4
      Locals:         0       0
      Temps:          0       0
      Totals:         0       4
Total ram usage:        4 bytes
 Hardware stack levels required when called:    4
 This function calls:
		_song_1
		_song_2
 This function is called by:
		Startup code after reset
 This function uses a non-reentrant model


 *************** function _song_2 *****************
 Defined at:
		line 178 in file "mb.c"
 Parameters:    Size  Location     Type
		None
 Auto vars:     Size  Location     Type
  i               1   11[BANK0 ] unsigned char 
  value           1   12[BANK0 ] volatile unsigned char 
  address         1    0        unsigned char 
 Return value:  Size  Location     Type
                  1    wreg      void 
 Registers used:
		wreg, fsr0l, fsr0h, status,2, status,0, pclath, cstack
 Tracked objects:
		On entry : 
		On exit  : 
		Unchanged: 
 Data sizes:     COMMON   BANK0
      Params:         0       0
      Locals:         0       3
      Temps:          0       1
      Totals:         0       4
Total ram usage:        4 bytes
 Hardware stack levels used:    1
 Hardware stack levels required when called:    3
 This function calls:
		_eeprom_read
		_make_sound
 This function is called by:
		_main
 This function uses a non-reentrant model


 *************** function _song_1 *****************
 Defined at:
		line 167 in file "mb.c"
 Parameters:    Size  Location     Type
		None
 Auto vars:     Size  Location     Type
  i               1   11[BANK0 ] unsigned char 
  value           1   12[BANK0 ] volatile unsigned char 
  address         1    0        unsigned char 
 Return value:  Size  Location     Type
                  1    wreg      void 
 Registers used:
		wreg, fsr0l, fsr0h, status,2, status,0, pclath, cstack
 Tracked objects:
		On entry : 
		On exit  : 
		Unchanged: 
 Data sizes:     COMMON   BANK0
      Params:         0       0
      Locals:         0       3
      Temps:          0       1
      Totals:         0       4
Total ram usage:        4 bytes
 Hardware stack levels used:    1
 Hardware stack levels required when called:    3
 This function calls:
		_eeprom_read
		_make_sound
 This function is called by:
		_main
 This function uses a non-reentrant model


 *************** function _make_sound *****************
 Defined at:
		line 144 in file "mb.c"
 Parameters:    Size  Location     Type
  n               1    wreg     unsigned char 
 Auto vars:     Size  Location     Type
  n               1    8[BANK0 ] unsigned char 
 Return value:  Size  Location     Type
                  1    wreg      void 
 Registers used:
		wreg, fsr0l, fsr0h, status,2, status,0, pclath, cstack
 Tracked objects:
		On entry : 
		On exit  : 
		Unchanged: 
 Data sizes:     COMMON   BANK0
      Params:         0       0
      Locals:         0       1
      Temps:          0       2
      Totals:         0       3
Total ram usage:        3 bytes
 Hardware stack levels used:    1
 Hardware stack levels required when called:    2
 This function calls:
		_sound_11
		_sound_12
		_sound_13
		_sound_14
		_sound_15
		_sound_16
 This function is called by:
		_song_1
		_song_2
 This function uses a non-reentrant model


 *************** function _sound_16 *****************
 Defined at:
		line 127 in file "mb.c"
 Parameters:    Size  Location     Type
		None
 Auto vars:     Size  Location     Type
  i               1    4[BANK0 ] unsigned char 
 Return value:  Size  Location     Type
                  1    wreg      void 
 Registers used:
		wreg, status,2, status,0
 Tracked objects:
		On entry : 
		On exit  : 
		Unchanged: 
 Data sizes:     COMMON   BANK0
      Params:         0       0
      Locals:         0       1
      Temps:          0       1
      Totals:         0       2
Total ram usage:        2 bytes
 Hardware stack levels used:    1
 Hardware stack levels required when called:    1
 This function calls:
		Nothing
 This function is called by:
		_make_sound
 This function uses a non-reentrant model


 *************** function _sound_15 *****************
 Defined at:
		line 112 in file "mb.c"
 Parameters:    Size  Location     Type
		None
 Auto vars:     Size  Location     Type
  i               1    5[BANK0 ] unsigned char 
 Return value:  Size  Location     Type
                  1    wreg      void 
 Registers used:
		wreg, status,2, status,0
 Tracked objects:
		On entry : 
		On exit  : 
		Unchanged: 
 Data sizes:     COMMON   BANK0
      Params:         0       0
      Locals:         0       1
      Temps:          0       2
      Totals:         0       3
Total ram usage:        3 bytes
 Hardware stack levels used:    1
 Hardware stack levels required when called:    1
 This function calls:
		Nothing
 This function is called by:
		_make_sound
 This function uses a non-reentrant model


 *************** function _sound_14 *****************
 Defined at:
		line 97 in file "mb.c"
 Parameters:    Size  Location     Type
		None
 Auto vars:     Size  Location     Type
  i               1    4[BANK0 ] unsigned char 
 Return value:  Size  Location     Type
                  1    wreg      void 
 Registers used:
		wreg, status,2, status,0
 Tracked objects:
		On entry : 
		On exit  : 
		Unchanged: 
 Data sizes:     COMMON   BANK0
      Params:         0       0
      Locals:         0       1
      Temps:          0       1
      Totals:         0       2
Total ram usage:        2 bytes
 Hardware stack levels used:    1
 Hardware stack levels required when called:    1
 This function calls:
		Nothing
 This function is called by:
		_make_sound
 This function uses a non-reentrant model


 *************** function _sound_13 *****************
 Defined at:
		line 82 in file "mb.c"
 Parameters:    Size  Location     Type
		None
 Auto vars:     Size  Location     Type
  i               1    5[BANK0 ] unsigned char 
 Return value:  Size  Location     Type
                  1    wreg      void 
 Registers used:
		wreg, status,2, status,0
 Tracked objects:
		On entry : 
		On exit  : 
		Unchanged: 
 Data sizes:     COMMON   BANK0
      Params:         0       0
      Locals:         0       1
      Temps:          0       2
      Totals:         0       3
Total ram usage:        3 bytes
 Hardware stack levels used:    1
 Hardware stack levels required when called:    1
 This function calls:
		Nothing
 This function is called by:
		_make_sound
 This function uses a non-reentrant model


 *************** function _sound_12 *****************
 Defined at:
		line 67 in file "mb.c"
 Parameters:    Size  Location     Type
		None
 Auto vars:     Size  Location     Type
  i               1    4[BANK0 ] unsigned char 
 Return value:  Size  Location     Type
                  1    wreg      void 
 Registers used:
		wreg, status,2, status,0
 Tracked objects:
		On entry : 
		On exit  : 
		Unchanged: 
 Data sizes:     COMMON   BANK0
      Params:         0       0
      Locals:         0       1
      Temps:          0       1
      Totals:         0       2
Total ram usage:        2 bytes
 Hardware stack levels used:    1
 Hardware stack levels required when called:    1
 This function calls:
		Nothing
 This function is called by:
		_make_sound
 This function uses a non-reentrant model


 *************** function _sound_11 *****************
 Defined at:
		line 52 in file "mb.c"
 Parameters:    Size  Location     Type
		None
 Auto vars:     Size  Location     Type
  i               1    5[BANK0 ] unsigned char 
 Return value:  Size  Location     Type
                  1    wreg      void 
 Registers used:
		wreg, status,2, status,0
 Tracked objects:
		On entry : 
		On exit  : 
		Unchanged: 
 Data sizes:     COMMON   BANK0
      Params:         0       0
      Locals:         0       1
      Temps:          0       2
      Totals:         0       3
Total ram usage:        3 bytes
 Hardware stack levels used:    1
 Hardware stack levels required when called:    1
 This function calls:
		Nothing
 This function is called by:
		_make_sound
 This function uses a non-reentrant model


 *************** function _eeprom_read *****************
 Defined at:
		line 6 in file "C:\Program Files\Microchip\xc8\v2.30\pic\sources\c90\pic\__eeread.c"
 Parameters:    Size  Location     Type
  addr            1    wreg     unsigned char 
 Auto vars:     Size  Location     Type
  addr            1    4[BANK0 ] unsigned char 
 Return value:  Size  Location     Type
                  1    wreg      unsigned char 
 Registers used:
		wreg, status,2, status,0
 Tracked objects:
		On entry : 
		On exit  : 
		Unchanged: 
 Data sizes:     COMMON   BANK0
      Params:         0       0
      Locals:         0       1
      Temps:          0       1
      Totals:         0       2
Total ram usage:        2 bytes
 Hardware stack levels used:    1
 Hardware stack levels required when called:    1
 This function calls:
		Nothing
 This function is called by:
		_song_1
		_song_2
 This function uses a non-reentrant model


 *************** function _my_isr_routine *****************
 Defined at:
		line 189 in file "mb.c"
 Parameters:    Size  Location     Type
		None
 Auto vars:     Size  Location     Type
		None
 Return value:  Size  Location     Type
                  1    wreg      void 
 Registers used:
		wreg, status,2, status,0
 Tracked objects:
		On entry : 
		On exit  : 
		Unchanged: 
 Data sizes:     COMMON   BANK0
      Params:         0       0
      Locals:         0       0
      Temps:          0       3
      Totals:         0       3
Total ram usage:        3 bytes
 Hardware stack levels used:    1
 This function calls:
		Nothing
 This function is called by:
		Interrupt level 1
 This function uses a non-reentrant model



MODULE INFORMATION

Module		Function		Class		Link	Load	Size
C:\Program Files\Microchip\xc8\v2.30\pic\sources\c90\pic\__eeread.c
		_eeprom_read   		CODE           	01B6	0000	20

C:\Program Files\Microchip\xc8\v2.30\pic\sources\c90\pic\__eeread.c estimated size: 20

mb.c
		_main          		CODE           	00E5	0000	33
		_song_1        		CODE           	019F	0000	23
		_my_isr_routine		CODE           	0012	0000	95
		_sound_11      		CODE           	009C	0000	37
		_sound_12      		CODE           	0166	0000	31
		_sound_13      		CODE           	00C1	0000	36
		_sound_14      		CODE           	0127	0000	32
		_sound_15      		CODE           	0106	0000	33
		_sound_16      		CODE           	0147	0000	31
		_song_2        		CODE           	0185	0000	26
		_make_sound    		CODE           	0071	0000	43

mb.c estimated size: 420

shared
		__initialization		CODE           	000C	0000	4

shared estimated size: 4

