Microchip MPLAB XC8 Compiler V2.30

Linker command line:

-W-3 --edf=C:\Program Files\Microchip\xc8\v2.30\pic\dat\en_msgs.txt -cn \
  -h+dist/default/debug\code_generator.X.debug.sym \
  --cmf=dist/default/debug\code_generator.X.debug.cmf -z -Q16F84A \
  -oC:\Users\8E9B~1\AppData\Local\Temp\samox2 --defsym=__MPLAB_BUILD=1 \
  -Mdist/default/debug/code_generator.X.debug.map -E1 -ver=XC8 Compiler \
  --acfsm=1493 -ASTACK=021h-04Dh -pstack=STACK -ACODE=00h-03FFh \
  -ASTRCODE=00h-03FFh -ASTRING=00h-0FFhx4 -ACONST=00h-0FFhx4 \
  -AENTRY=00h-0FFhx4 -ABANK0=0Ch-04Dh -ARAM=0Ch-04Dh -AABS1=0Ch-04Fh \
  -ACOMMON=04Eh-04Fh -ASFR0=00h-0Bh -ASFR1=080h-0CDh -ACONFIG=02007h-02007h \
  -DCONFIG=2 -AIDLOC=02000h-02003h -DIDLOC=2 -AEEDATA=00h-03Fh/02100h \
  -peeprom_data=EEDATA -DEEDATA=2 -DCODE=2 -DSTRCODE=2 -DSTRING=2 -DCONST=2 \
  -DENTRY=2 -preset_vec=00h,intentry,init,end_init -ppowerup=CODE \
  -pcinit=CODE -pfunctab=ENTRY -k \
  C:\Users\8E9B~1\AppData\Local\Temp\samoxb.o \
  dist/default/debug\code_generator.X.debug.o 

Object code version is 3.11

Machine type is 16F84A



                Name                               Link     Load   Length Selector   Space Scale
C:\Users\8E9B~1\AppData\Local\Temp\samoxb.o
                end_init                              0        0        1        0       0
                config                             2007     2007        1        0       4
dist/default/debug\code_generator.X.debug.o
                cinit                               3F9      3F9        7      7F2       0
                config                             2007     2007        1        0       4
                text10                              3A7      3A7       52      74E       0
                text9                               299      299       14      532       0
                text8                               2C5      2C5       20      58A       0
                text7                               2AD      2AD       18      55A       0
                text6                               307      307       2D      60E       0
                text5                               366      366       41      6CC       0
                text4                               2E5      2E5       22      5CA       0
                text3                               27C      27C        E      4F8       0
                text2                               28A      28A        F      514       0
                text1                               27A      27A        2      4F4       0
                maintext                            334      334       32      668       0
                cstackBANK0                           C        C       11        C       1
                bssBANK0                             1D       1D        4        C       1

TOTAL           Name                               Link     Load   Length     Space
        CLASS   STACK          

        CLASS   CODE           
                end_init                              0        0        1         0
                cinit                               3F9      3F9        7         0
                text10                              3A7      3A7       52         0
                text9                               299      299       14         0
                text8                               2C5      2C5       20         0
                text7                               2AD      2AD       18         0
                text6                               307      307       2D         0
                text5                               366      366       41         0
                text4                               2E5      2E5       22         0
                text3                               27C      27C        E         0
                text2                               28A      28A        F         0
                text1                               27A      27A        2         0
                maintext                            334      334       32         0

        CLASS   STRCODE        

        CLASS   STRING         

        CLASS   CONST          

        CLASS   ENTRY          

        CLASS   BANK0          
                cstackBANK0                           C        C       11         1
                bssBANK0                             1D       1D        4         1

        CLASS   RAM            

        CLASS   ABS1           
                abs_s1                               4E       4E        2         1

        CLASS   COMMON         

        CLASS   SFR0           

        CLASS   SFR1           

        CLASS   CONFIG         
                config                             2007     2007        1         4

        CLASS   IDLOC          

        CLASS   EEDATA         

        CLASS   BANK1          



SEGMENTS        Name                           Load    Length   Top    Selector   Space  Class     Delta

                reset_vec                      000000  000001  000001         0       0  CODE        2
                cstackBANK0                    00000C  000015  000021         C       1  BANK0       1
                text1                          00027A  000002  00027C       4F4       0  CODE        2
                text3                          00027C  00000E  00028A       4F8       0  CODE        2
                text2                          00028A  00000F  000299       514       0  CODE        2
                text9                          000299  000014  0002AD       532       0  CODE        2
                text7                          0002AD  000018  0002C5       55A       0  CODE        2
                text8                          0002C5  000020  0002E5       58A       0  CODE        2
                text4                          0002E5  000022  000307       5CA       0  CODE        2
                text6                          000307  00002D  000334       60E       0  CODE        2
                maintext                       000334  000032  000366       668       0  CODE        2
                text5                          000366  000041  0003A7       6CC       0  CODE        2
                text10                         0003A7  000052  0003F9       74E       0  CODE        2
                cinit                          0003F9  000007  000400       7F2       0  CODE        2


UNUSED ADDRESS RANGES

        Name                Unused          Largest block    Delta
        BANK0            0021-004D             2D           1
        CODE             0001-0279            279           2
        CONST            0001-0279            100           2
        EEDATA           2100-213F             40           2
        ENTRY            0001-0279            100           2
        IDLOC            2000-2003              4           2
        RAM              0021-004D             2D           1
        SFR0             0000-000B              C           1
        SFR1             0080-00CD             4E           1
        STACK            0021-004D             2D           1
        STRCODE          0001-0279            279           2
        STRING           0001-0279            100           2

                                  Symbol Table

_INTCONbits               (abs)        000B
_OPTION_REGbits           (abs)        0081
_PORTA                    (abs)        0005
_PORTB                    (abs)        0006
_PORTBbits                (abs)        0006
_TRISA                    (abs)        0085
_TRISB                    (abs)        0086
__Habs1                   abs1         0000
__Hbank0                  bank0        0000
__Hbank1                  bank1        0000
__HbssBANK0               bssBANK0     0000
__Hcinit                  cinit        0400
__Hclrtext                clrtext      0000
__Hcode                   code         0000
__Hcommon                 common       0000
__Hconfig                 config       2008
__HcstackBANK0            cstackBANK0  0000
__HcstackCOMMON           cstackCOMMON 0000
__Heeprom_data            eeprom_data  0000
__Hend_init               end_init     0001
__Hfunctab                functab      0000
__Hinit                   init         0000
__Hintentry               intentry     0000
__Hmaintext               maintext     0000
__Hpowerup                powerup      0000
__Hram                    ram          0000
__Hreset_vec              reset_vec    0000
__Hsfr0                   sfr0         0000
__Hsfr1                   sfr1         0000
__Hspace_0                (abs)        0400
__Hspace_1                (abs)        0021
__Hspace_2                (abs)        0000
__Hspace_3                (abs)        0000
__Hspace_4                (abs)        400F
__Hstack                  stack        0000
__Hstrings                strings      0000
__Htext                   text         0000
__Labs1                   abs1         0000
__Lbank0                  bank0        0000
__Lbank1                  bank1        0000
__LbssBANK0               bssBANK0     0000
__Lcinit                  cinit        03F9
__Lclrtext                clrtext      0000
__Lcode                   code         0000
__Lcommon                 common       0000
__Lconfig                 config       0000
__LcstackBANK0            cstackBANK0  0000
__LcstackCOMMON           cstackCOMMON 0000
__Leeprom_data            eeprom_data  0000
__Lend_init               end_init     0000
__Lfunctab                functab      0000
__Linit                   init         0000
__Lintentry               intentry     0000
__Lmaintext               maintext     0000
__Lpowerup                powerup      0000
__Lram                    ram          0000
__Lreset_vec              reset_vec    0000
__Lsfr0                   sfr0         0000
__Lsfr1                   sfr1         0000
__Lspace_0                (abs)        0000
__Lspace_1                (abs)        0000
__Lspace_2                (abs)        0000
__Lspace_3                (abs)        0000
__Lspace_4                (abs)        0000
__Lstack                  stack        0000
__Lstrings                strings      0000
__Ltext                   text         0000
__S0                      (abs)        0400
__S1                      (abs)        0021
__S2                      (abs)        0000
__S3                      (abs)        0000
___int_sp                 stack        0000
___latbits                (abs)        0000
___sp                     stack        0000
___stackhi                (abs)        0000
___stacklo                (abs)        0000
__end_of__initialization  cinit        03FE
__end_of_get_key          text10       03F9
__end_of_grayencode       text7        02C5
__end_of_invert_byte      text6        0334
__end_of_is_mode_changed  text9        02AD
__end_of_johnson          text5        03A7
__end_of_main             maintext     0366
__end_of_only_one         text4        0307
__end_of_single_dec       text3        028A
__end_of_single_inc       text2        0299
__end_of_stop_gen         text1        027C
__end_of_wait_with_check  text8        02E5
__initialization          cinit        03F9
__pbssBANK0               bssBANK0     001D
__pcstackBANK0            cstackBANK0  000C
__pcstackCOMMON           cstackCOMMON 0000
__pmaintext               maintext     0334
__ptext1                  text1        027A
__ptext10                 text10       03A7
__ptext2                  text2        028A
__ptext3                  text3        027C
__ptext4                  text4        02E5
__ptext5                  text5        0366
__ptext6                  text6        0307
__ptext7                  text7        02AD
__ptext8                  text8        02C5
__ptext9                  text9        0299
__size_of_get_key         (abs)        0000
__size_of_grayencode      (abs)        0000
__size_of_invert_byte     (abs)        0000
__size_of_is_mode_changed (abs)        0000
__size_of_johnson         (abs)        0000
__size_of_main            (abs)        0000
__size_of_only_one        (abs)        0000
__size_of_single_dec      (abs)        0000
__size_of_single_inc      (abs)        0000
__size_of_stop_gen        (abs)        0000
__size_of_wait_with_check (abs)        0000
_get_key                  text10       03A7
_gray                     bssBANK0     001F
_grayencode               text7        02AD
_invert_byte              text6        0307
_is_mode_changed          text9        0299
_johnson                  text5        0366
_johnson_mode             bssBANK0     001D
_key                      bssBANK0     001E
_logic_bits               bssBANK0     0020
_main                     maintext     0334
_only_one                 text4        02E5
_single_dec               text3        027C
_single_inc               text2        028A
_stop_gen                 text1        027A
_wait_with_check          text8        02C5
btemp                     (abs)        004E
end_of_initialization     cinit        03FE
get_key@key               cstackBANK0  000F
get_key@template          cstackBANK0  000E
intlevel0                 functab      0000
intlevel1                 functab      0000
intlevel2                 functab      0000
intlevel3                 functab      0000
intlevel4                 functab      0000
intlevel5                 functab      0000
invert_byte@a             cstackBANK0  0010
invert_byte@b             cstackBANK0  0011
invert_byte@i             cstackBANK0  000E
is_mode_changed@temp_key  cstackBANK0  0011
reset_vec                 reset_vec    0000
start                     init         0000
start_initialization      cinit        03F9
wait_with_check@i         cstackBANK0  0012
wtemp0                    (abs)        004E


FUNCTION INFORMATION:

 *************** function _main *****************
 Defined at:
		line 26 in file "code_generator.c"
 Parameters:    Size  Location     Type
  argc            2   11[BANK0 ] int 
  argv            2   13[BANK0 ] PTR PTR unsigned char 
 Auto vars:     Size  Location     Type
		None
 Return value:  Size  Location     Type
                  2   11[BANK0 ] int 
 Registers used:
		wreg, fsr0l, fsr0h, status,2, status,0, btemp+1, pclath, cstack
 Tracked objects:
		On entry : 
		On exit  : 
		Unchanged: 
 Data sizes:     COMMON   BANK0
      Params:         0       4
      Locals:         0       0
      Temps:          0       2
      Totals:         0       6
Total ram usage:        6 bytes
 Hardware stack levels required when called:    4
 This function calls:
		_grayencode
		_johnson
		_only_one
		_single_dec
		_single_inc
		_stop_gen
 This function is called by:
		Startup code after reset
 This function uses a non-reentrant model


 *************** function _stop_gen *****************
 Defined at:
		line 174 in file "code_generator.c"
 Parameters:    Size  Location     Type
		None
 Auto vars:     Size  Location     Type
		None
 Return value:  Size  Location     Type
                  1    wreg      void 
 Registers used:
		wreg, status,2, status,0, pclath, cstack
 Tracked objects:
		On entry : 
		On exit  : 
		Unchanged: 
 Data sizes:     COMMON   BANK0
      Params:         0       0
      Locals:         0       0
      Temps:          0       0
      Totals:         0       0
Total ram usage:        0 bytes
 Hardware stack levels used:    1
 Hardware stack levels required when called:    2
 This function calls:
		_is_mode_changed
 This function is called by:
		_main
 This function uses a non-reentrant model


 *************** function _single_inc *****************
 Defined at:
		line 105 in file "code_generator.c"
 Parameters:    Size  Location     Type
		None
 Auto vars:     Size  Location     Type
		None
 Return value:  Size  Location     Type
                  1    wreg      void 
 Registers used:
		wreg, status,2, status,0, btemp+1, pclath, cstack
 Tracked objects:
		On entry : 
		On exit  : 
		Unchanged: 
 Data sizes:     COMMON   BANK0
      Params:         0       0
      Locals:         0       0
      Temps:          0       1
      Totals:         0       1
Total ram usage:        1 bytes
 Hardware stack levels used:    1
 Hardware stack levels required when called:    3
 This function calls:
		_wait_with_check
 This function is called by:
		_main
 This function uses a non-reentrant model


 *************** function _single_dec *****************
 Defined at:
		line 164 in file "code_generator.c"
 Parameters:    Size  Location     Type
		None
 Auto vars:     Size  Location     Type
		None
 Return value:  Size  Location     Type
                  1    wreg      void 
 Registers used:
		wreg, status,2, status,0, btemp+1, pclath, cstack
 Tracked objects:
		On entry : 
		On exit  : 
		Unchanged: 
 Data sizes:     COMMON   BANK0
      Params:         0       0
      Locals:         0       0
      Temps:          0       0
      Totals:         0       0
Total ram usage:        0 bytes
 Hardware stack levels used:    1
 Hardware stack levels required when called:    3
 This function calls:
		_wait_with_check
 This function is called by:
		_main
 This function uses a non-reentrant model


 *************** function _only_one *****************
 Defined at:
		line 127 in file "code_generator.c"
 Parameters:    Size  Location     Type
		None
 Auto vars:     Size  Location     Type
		None
 Return value:  Size  Location     Type
                  1    wreg      void 
 Registers used:
		wreg, status,2, status,0, btemp+1, pclath, cstack
 Tracked objects:
		On entry : 
		On exit  : 
		Unchanged: 
 Data sizes:     COMMON   BANK0
      Params:         0       0
      Locals:         0       0
      Temps:          0       2
      Totals:         0       2
Total ram usage:        2 bytes
 Hardware stack levels used:    1
 Hardware stack levels required when called:    3
 This function calls:
		_wait_with_check
 This function is called by:
		_main
 This function uses a non-reentrant model


 *************** function _johnson *****************
 Defined at:
		line 141 in file "code_generator.c"
 Parameters:    Size  Location     Type
		None
 Auto vars:     Size  Location     Type
		None
 Return value:  Size  Location     Type
                  1    wreg      void 
 Registers used:
		wreg, status,2, status,0, btemp+1, pclath, cstack
 Tracked objects:
		On entry : 
		On exit  : 
		Unchanged: 
 Data sizes:     COMMON   BANK0
      Params:         0       0
      Locals:         0       0
      Temps:          0       3
      Totals:         0       3
Total ram usage:        3 bytes
 Hardware stack levels used:    1
 Hardware stack levels required when called:    3
 This function calls:
		_invert_byte
		_wait_with_check
 This function is called by:
		_main
 This function uses a non-reentrant model


 *************** function _invert_byte *****************
 Defined at:
		line 204 in file "code_generator.c"
 Parameters:    Size  Location     Type
  a               1    wreg     unsigned char 
 Auto vars:     Size  Location     Type
  a               1    4[BANK0 ] unsigned char 
  i               2    2[BANK0 ] int 
  b               1    5[BANK0 ] unsigned char 
 Return value:  Size  Location     Type
                  1    wreg      unsigned char 
 Registers used:
		wreg, status,2, status,0, btemp+1
 Tracked objects:
		On entry : 
		On exit  : 
		Unchanged: 
 Data sizes:     COMMON   BANK0
      Params:         0       0
      Locals:         0       4
      Temps:          0       2
      Totals:         0       6
Total ram usage:        6 bytes
 Hardware stack levels used:    1
 This function calls:
		Nothing
 This function is called by:
		_johnson
 This function uses a non-reentrant model


 *************** function _grayencode *****************
 Defined at:
		line 115 in file "code_generator.c"
 Parameters:    Size  Location     Type
		None
 Auto vars:     Size  Location     Type
		None
 Return value:  Size  Location     Type
                  1    wreg      void 
 Registers used:
		wreg, status,2, status,0, btemp+1, pclath, cstack
 Tracked objects:
		On entry : 
		On exit  : 
		Unchanged: 
 Data sizes:     COMMON   BANK0
      Params:         0       0
      Locals:         0       0
      Temps:          0       2
      Totals:         0       2
Total ram usage:        2 bytes
 Hardware stack levels used:    1
 Hardware stack levels required when called:    3
 This function calls:
		_wait_with_check
 This function is called by:
		_main
 This function uses a non-reentrant model


 *************** function _wait_with_check *****************
 Defined at:
		line 192 in file "code_generator.c"
 Parameters:    Size  Location     Type
		None
 Auto vars:     Size  Location     Type
  i               2    6[BANK0 ] int 
 Return value:  Size  Location     Type
                  1    wreg      void 
 Registers used:
		wreg, status,2, status,0, btemp+1, pclath, cstack
 Tracked objects:
		On entry : 
		On exit  : 
		Unchanged: 
 Data sizes:     COMMON   BANK0
      Params:         0       0
      Locals:         0       2
      Temps:          0       0
      Totals:         0       2
Total ram usage:        2 bytes
 Hardware stack levels used:    1
 Hardware stack levels required when called:    2
 This function calls:
		_is_mode_changed
 This function is called by:
		_single_inc
		_grayencode
		_only_one
		_johnson
		_single_dec
 This function uses a non-reentrant model


 *************** function _is_mode_changed *****************
 Defined at:
		line 179 in file "code_generator.c"
 Parameters:    Size  Location     Type
		None
 Auto vars:     Size  Location     Type
  temp_key        1    5[BANK0 ] unsigned char 
 Return value:  Size  Location     Type
                  1    wreg      unsigned char 
 Registers used:
		wreg, status,2, status,0, pclath, cstack
 Tracked objects:
		On entry : 
		On exit  : 
		Unchanged: 
 Data sizes:     COMMON   BANK0
      Params:         0       0
      Locals:         0       1
      Temps:          0       1
      Totals:         0       2
Total ram usage:        2 bytes
 Hardware stack levels used:    1
 Hardware stack levels required when called:    1
 This function calls:
		_get_key
 This function is called by:
		_stop_gen
		_wait_with_check
 This function uses a non-reentrant model


 *************** function _get_key *****************
 Defined at:
		line 62 in file "code_generator.c"
 Parameters:    Size  Location     Type
		None
 Auto vars:     Size  Location     Type
  key             1    3[BANK0 ] unsigned char 
  template        1    2[BANK0 ] unsigned char 
 Return value:  Size  Location     Type
                  1    wreg      unsigned char 
 Registers used:
		wreg, status,2, status,0
 Tracked objects:
		On entry : 
		On exit  : 
		Unchanged: 
 Data sizes:     COMMON   BANK0
      Params:         0       0
      Locals:         0       2
      Temps:          0       2
      Totals:         0       4
Total ram usage:        4 bytes
 Hardware stack levels used:    1
 This function calls:
		Nothing
 This function is called by:
		_is_mode_changed
 This function uses a non-reentrant model



MODULE INFORMATION

Module		Function		Class		Link	Load	Size
code_generator.c
		_johnson       		CODE           	0366	0000	65
		_invert_byte   		CODE           	0307	0000	45
		_main          		CODE           	0334	0000	50
		_stop_gen      		CODE           	027A	0000	2
		_grayencode    		CODE           	02AD	0000	24
		_is_mode_changed		CODE           	0299	0000	20
		_single_dec    		CODE           	027C	0000	14
		_single_inc    		CODE           	028A	0000	15
		_only_one      		CODE           	02E5	0000	34
		_get_key       		CODE           	03A7	0000	82
		_wait_with_check		CODE           	02C5	0000	32

code_generator.c estimated size: 383

shared
		__initialization		CODE           	03F9	0000	5

shared estimated size: 5

