MPLINK 5.09, LINKER
Linker Map File - Created Wed Sep 23 17:49:02 2020

                                 Section Info
                  Section       Type    Address   Location Size(Bytes)
                ---------  ---------  ---------  ---------  ---------
                   .org_0       code   0x000000    program   0x000002
                   .cinit    romdata   0x000001    program   0x000004
                   .org_1       code   0x000004    program   0x000166
.config_2007_BUILD/DEFAULT/DEBUG/CL.O       code   0x002007    program   0x000002



                              Program Memory Usage 
                               Start         End      
                           ---------   ---------      
                            0x000000    0x000002      
                            0x000004    0x0000b6      
                            0x002007    0x002007      
            183 out of 4230 program addresses used, program memory utilization is 4%



                              Symbols - Sorted by Name
                     Name    Address   Location    Storage File                     
                ---------  ---------  ---------  --------- ---------                
                DISP_WAIT   0x0000a6    program     static D:\mplab\clock.X\CL.asm  
                INIT_TIME   0x0000aa    program     static D:\mplab\clock.X\CL.asm  
                INTE_EXIT   0x0000a0    program     static D:\mplab\clock.X\CL.asm  
                     LOOP   0x000017    program     static D:\mplab\clock.X\CL.asm  
                   NUME_0   0x000041    program     static D:\mplab\clock.X\CL.asm  
                   NUME_1   0x000046    program     static D:\mplab\clock.X\CL.asm  
                   NUME_2   0x00004b    program     static D:\mplab\clock.X\CL.asm  
                   NUME_3   0x000050    program     static D:\mplab\clock.X\CL.asm  
                   NUME_4   0x000055    program     static D:\mplab\clock.X\CL.asm  
                   NUME_5   0x00005a    program     static D:\mplab\clock.X\CL.asm  
                   NUME_6   0x00005f    program     static D:\mplab\clock.X\CL.asm  
                   NUME_7   0x000064    program     static D:\mplab\clock.X\CL.asm  
                   NUME_8   0x000069    program     static D:\mplab\clock.X\CL.asm  
                   NUME_9   0x00006e    program     static D:\mplab\clock.X\CL.asm  
                 NUM_MASS   0x000036    program     static D:\mplab\clock.X\CL.asm  
                    START   0x000005    program     static D:\mplab\clock.X\CL.asm  
                      TIC   0x000073    program     static D:\mplab\clock.X\CL.asm  



                              Symbols - Sorted by Address
                     Name    Address   Location    Storage File                     
                ---------  ---------  ---------  --------- ---------                
                    START   0x000005    program     static D:\mplab\clock.X\CL.asm  
                     LOOP   0x000017    program     static D:\mplab\clock.X\CL.asm  
                 NUM_MASS   0x000036    program     static D:\mplab\clock.X\CL.asm  
                   NUME_0   0x000041    program     static D:\mplab\clock.X\CL.asm  
                   NUME_1   0x000046    program     static D:\mplab\clock.X\CL.asm  
                   NUME_2   0x00004b    program     static D:\mplab\clock.X\CL.asm  
                   NUME_3   0x000050    program     static D:\mplab\clock.X\CL.asm  
                   NUME_4   0x000055    program     static D:\mplab\clock.X\CL.asm  
                   NUME_5   0x00005a    program     static D:\mplab\clock.X\CL.asm  
                   NUME_6   0x00005f    program     static D:\mplab\clock.X\CL.asm  
                   NUME_7   0x000064    program     static D:\mplab\clock.X\CL.asm  
                   NUME_8   0x000069    program     static D:\mplab\clock.X\CL.asm  
                   NUME_9   0x00006e    program     static D:\mplab\clock.X\CL.asm  
                      TIC   0x000073    program     static D:\mplab\clock.X\CL.asm  
                INTE_EXIT   0x0000a0    program     static D:\mplab\clock.X\CL.asm  
                DISP_WAIT   0x0000a6    program     static D:\mplab\clock.X\CL.asm  
                INIT_TIME   0x0000aa    program     static D:\mplab\clock.X\CL.asm  


