Microchip MPLAB XC8 Compiler V2.30

Linker command line:

-W-3 --edf=C:\Program Files\Microchip\xc8\v2.30\pic\dat\en_msgs.txt -cn \
  -h+dist/default/production\code_generator.X.production.sym \
  --cmf=dist/default/production\code_generator.X.production.cmf -z -Q16F84A \
  -oC:\Users\8E9B~1\AppData\Local\Temp\s6box2 --defsym=__MPLAB_BUILD=1 \
  -Mdist/default/production/code_generator.X.production.map -E1 \
  -ver=XC8 Compiler --acfsm=1493 -ASTACK=020h-04Dh -pstack=STACK \
  -ACODE=00h-03FFh -ASTRCODE=00h-03FFh -ASTRING=00h-0FFhx4 \
  -ACONST=00h-0FFhx4 -AENTRY=00h-0FFhx4 -ABANK0=0Ch-04Dh -ARAM=0Ch-04Dh \
  -AABS1=0Ch-04Fh -ACOMMON=04Eh-04Fh -ASFR0=00h-0Bh -ASFR1=080h-0CDh \
  -ACONFIG=02007h-02007h -DCONFIG=2 -AIDLOC=02000h-02003h -DIDLOC=2 \
  -AEEDATA=00h-03Fh/02100h -peeprom_data=EEDATA -DEEDATA=2 -DCODE=2 \
  -DSTRCODE=2 -DSTRING=2 -DCONST=2 -DENTRY=2 \
  -preset_vec=00h,intentry,init,end_init -ppowerup=CODE -pcinit=CODE \
  -pfunctab=ENTRY -k C:\Users\8E9B~1\AppData\Local\Temp\s6boxb.o \
  dist/default/production\code_generator.X.production.o 

Object code version is 3.11

Machine type is 16F84A



                Name                               Link     Load   Length Selector   Space Scale
C:\Users\8E9B~1\AppData\Local\Temp\s6boxb.o
                end_init                              0        0        1        0       0
                config                             2007     2007        1        0       4
dist/default/production\code_generator.X.production.o
                cinit                               3FA      3FA        6      7F4       0
                config                             2007     2007        1        0       4
                text10                              3A8      3A8       52      750       0
                text9                               28F      28F       14      51E       0
                text8                               2BB      2BB       20      576       0
                text7                               2A3      2A3       18      546       0
                text6                               2FD      2FD       2D      5FA       0
                text5                               35C      35C       4C      6B8       0
                text4                               2DB      2DB       22      5B6       0
                text3                               272      272        E      4E4       0
                text2                               280      280        F      500       0
                text1                               270      270        2      4E0       0
                maintext                            32A      32A       32      654       0
                cstackBANK0                           C        C       11        C       1
                bssBANK0                             1D       1D        3        C       1

TOTAL           Name                               Link     Load   Length     Space
        CLASS   STACK          

        CLASS   CODE           
                end_init                              0        0        1         0
                cinit                               3FA      3FA        6         0
                text10                              3A8      3A8       52         0
                text9                               28F      28F       14         0
                text8                               2BB      2BB       20         0
                text7                               2A3      2A3       18         0
                text6                               2FD      2FD       2D         0
                text5                               35C      35C       4C         0
                text4                               2DB      2DB       22         0
                text3                               272      272        E         0
                text2                               280      280        F         0
                text1                               270      270        2         0
                maintext                            32A      32A       32         0

        CLASS   STRCODE        

        CLASS   STRING         

        CLASS   CONST          

        CLASS   ENTRY          

        CLASS   BANK0          
                cstackBANK0                           C        C       11         1
                bssBANK0                             1D       1D        3         1

        CLASS   RAM            

        CLASS   ABS1           
                abs_s1                               4E       4E        2         1

        CLASS   COMMON         

        CLASS   SFR0           

        CLASS   SFR1           

        CLASS   CONFIG         
                config                             2007     2007        1         4

        CLASS   IDLOC          

        CLASS   EEDATA         

        CLASS   BANK1          



SEGMENTS        Name                           Load    Length   Top    Selector   Space  Class     Delta

                reset_vec                      000000  000001  000001         0       0  CODE        2
                cstackBANK0                    00000C  000014  000020         C       1  BANK0       1
                text1                          000270  000002  000272       4E0       0  CODE        2
                text3                          000272  00000E  000280       4E4       0  CODE        2
                text2                          000280  00000F  00028F       500       0  CODE        2
                text9                          00028F  000014  0002A3       51E       0  CODE        2
                text7                          0002A3  000018  0002BB       546       0  CODE        2
                text8                          0002BB  000020  0002DB       576       0  CODE        2
                text4                          0002DB  000022  0002FD       5B6       0  CODE        2
                text6                          0002FD  00002D  00032A       5FA       0  CODE        2
                maintext                       00032A  000032  00035C       654       0  CODE        2
                text5                          00035C  00004C  0003A8       6B8       0  CODE        2
                text10                         0003A8  000052  0003FA       750       0  CODE        2
                cinit                          0003FA  000006  000400       7F4       0  CODE        2


UNUSED ADDRESS RANGES

        Name                Unused          Largest block    Delta
        BANK0            0020-004D             2E           1
        CODE             0001-026F            26F           2
        CONST            0001-026F            100           2
        EEDATA           2100-213F             40           2
        ENTRY            0001-026F            100           2
        IDLOC            2000-2003              4           2
        RAM              0020-004D             2E           1
        SFR0             0000-000B              C           1
        SFR1             0080-00CD             4E           1
        STACK            0020-004D             2E           1
        STRCODE          0001-026F            26F           2
        STRING           0001-026F            100           2

                                  Symbol Table

_INTCONbits               (abs)        000B
_OPTION_REGbits           (abs)        0081
_PORTA                    (abs)        0005
_PORTB                    (abs)        0006
_PORTBbits                (abs)        0006
_TRISA                    (abs)        0085
_TRISB                    (abs)        0086
__Habs1                   abs1         0000
__Hbank0                  bank0        0000
__Hbank1                  bank1        0000
__HbssBANK0               bssBANK0     0000
__Hcinit                  cinit        0400
__Hclrtext                clrtext      0000
__Hcode                   code         0000
__Hcommon                 common       0000
__Hconfig                 config       2008
__HcstackBANK0            cstackBANK0  0000
__HcstackCOMMON           cstackCOMMON 0000
__Heeprom_data            eeprom_data  0000
__Hend_init               end_init     0001
__Hfunctab                functab      0000
__Hinit                   init         0000
__Hintentry               intentry     0000
__Hmaintext               maintext     0000
__Hpowerup                powerup      0000
__Hram                    ram          0000
__Hreset_vec              reset_vec    0000
__Hsfr0                   sfr0         0000
__Hsfr1                   sfr1         0000
__Hspace_0                (abs)        0400
__Hspace_1                (abs)        0020
__Hspace_2                (abs)        0000
__Hspace_3                (abs)        0000
__Hspace_4                (abs)        400F
__Hstack                  stack        0000
__Hstrings                strings      0000
__Htext                   text         0000
__Labs1                   abs1         0000
__Lbank0                  bank0        0000
__Lbank1                  bank1        0000
__LbssBANK0               bssBANK0     0000
__Lcinit                  cinit        03FA
__Lclrtext                clrtext      0000
__Lcode                   code         0000
__Lcommon                 common       0000
__Lconfig                 config       0000
__LcstackBANK0            cstackBANK0  0000
__LcstackCOMMON           cstackCOMMON 0000
__Leeprom_data            eeprom_data  0000
__Lend_init               end_init     0000
__Lfunctab                functab      0000
__Linit                   init         0000
__Lintentry               intentry     0000
__Lmaintext               maintext     0000
__Lpowerup                powerup      0000
__Lram                    ram          0000
__Lreset_vec              reset_vec    0000
__Lsfr0                   sfr0         0000
__Lsfr1                   sfr1         0000
__Lspace_0                (abs)        0000
__Lspace_1                (abs)        0000
__Lspace_2                (abs)        0000
__Lspace_3                (abs)        0000
__Lspace_4                (abs)        0000
__Lstack                  stack        0000
__Lstrings                strings      0000
__Ltext                   text         0000
__S0                      (abs)        0400
__S1                      (abs)        0020
__S2                      (abs)        0000
__S3                      (abs)        0000
___int_sp                 stack        0000
___latbits                (abs)        0000
___sp                     stack        0000
___stackhi                (abs)        0000
___stacklo                (abs)        0000
__end_of__initialization  cinit        03FE
__end_of_get_key          text10       03FA
__end_of_grayencode       text7        02BB
__end_of_invert_byte      text6        032A
__end_of_is_mode_changed  text9        02A3
__end_of_johnson          text5        03A8
__end_of_main             maintext     035C
__end_of_only_one         text4        02FD
__end_of_single_dec       text3        0280
__end_of_single_inc       text2        028F
__end_of_stop_gen         text1        0272
__end_of_wait_with_check  text8        02DB
__initialization          cinit        03FA
__pbssBANK0               bssBANK0     001D
__pcstackBANK0            cstackBANK0  000C
__pcstackCOMMON           cstackCOMMON 0000
__pmaintext               maintext     032A
__ptext1                  text1        0270
__ptext10                 text10       03A8
__ptext2                  text2        0280
__ptext3                  text3        0272
__ptext4                  text4        02DB
__ptext5                  text5        035C
__ptext6                  text6        02FD
__ptext7                  text7        02A3
__ptext8                  text8        02BB
__ptext9                  text9        028F
__size_of_get_key         (abs)        0000
__size_of_grayencode      (abs)        0000
__size_of_invert_byte     (abs)        0000
__size_of_is_mode_changed (abs)        0000
__size_of_johnson         (abs)        0000
__size_of_main            (abs)        0000
__size_of_only_one        (abs)        0000
__size_of_single_dec      (abs)        0000
__size_of_single_inc      (abs)        0000
__size_of_stop_gen        (abs)        0000
__size_of_wait_with_check (abs)        0000
_get_key                  text10       03A8
_gray                     bssBANK0     001E
_grayencode               text7        02A3
_invert_byte              text6        02FD
_is_mode_changed          text9        028F
_johnson                  text5        035C
_key                      bssBANK0     001D
_logic_bits               bssBANK0     001F
_main                     maintext     032A
_only_one                 text4        02DB
_single_dec               text3        0272
_single_inc               text2        0280
_stop_gen                 text1        0270
_wait_with_check          text8        02BB
btemp                     (abs)        004E
end_of_initialization     cinit        03FE
get_key@key               cstackBANK0  000F
get_key@template          cstackBANK0  000E
intlevel0                 functab      0000
intlevel1                 functab      0000
intlevel2                 functab      0000
intlevel3                 functab      0000
intlevel4                 functab      0000
intlevel5                 functab      0000
invert_byte@a             cstackBANK0  0010
invert_byte@b             cstackBANK0  0011
invert_byte@i             cstackBANK0  000E
is_mode_changed@temp_key  cstackBANK0  0011
reset_vec                 reset_vec    0000
start                     init         0000
start_initialization      cinit        03FA
wait_with_check@i         cstackBANK0  0012
wtemp0                    (abs)        004E


FUNCTION INFORMATION:

 *************** function _main *****************
 Defined at:
		line 25 in file "code_generator.c"
 Parameters:    Size  Location     Type
  argc            2   11[BANK0 ] int 
  argv            2   13[BANK0 ] PTR PTR unsigned char 
 Auto vars:     Size  Location     Type
		None
 Return value:  Size  Location     Type
                  2   11[BANK0 ] int 
 Registers used:
		wreg, fsr0l, fsr0h, status,2, status,0, btemp+1, pclath, cstack
 Tracked objects:
		On entry : 
		On exit  : 
		Unchanged: 
 Data sizes:     COMMON   BANK0
      Params:         0       4
      Locals:         0       0
      Temps:          0       2
      Totals:         0       6
Total ram usage:        6 bytes
 Hardware stack levels required when called:    4
 This function calls:
		_grayencode
		_johnson
		_only_one
		_single_dec
		_single_inc
		_stop_gen
 This function is called by:
		Startup code after reset
 This function uses a non-reentrant model


 *************** function _stop_gen *****************
 Defined at:
		line 176 in file "code_generator.c"
 Parameters:    Size  Location     Type
		None
 Auto vars:     Size  Location     Type
		None
 Return value:  Size  Location     Type
                  1    wreg      void 
 Registers used:
		wreg, status,2, status,0, pclath, cstack
 Tracked objects:
		On entry : 
		On exit  : 
		Unchanged: 
 Data sizes:     COMMON   BANK0
      Params:         0       0
      Locals:         0       0
      Temps:          0       0
      Totals:         0       0
Total ram usage:        0 bytes
 Hardware stack levels used:    1
 Hardware stack levels required when called:    2
 This function calls:
		_is_mode_changed
 This function is called by:
		_main
 This function uses a non-reentrant model


 *************** function _single_inc *****************
 Defined at:
		line 104 in file "code_generator.c"
 Parameters:    Size  Location     Type
		None
 Auto vars:     Size  Location     Type
		None
 Return value:  Size  Location     Type
                  1    wreg      void 
 Registers used:
		wreg, status,2, status,0, btemp+1, pclath, cstack
 Tracked objects:
		On entry : 
		On exit  : 
		Unchanged: 
 Data sizes:     COMMON   BANK0
      Params:         0       0
      Locals:         0       0
      Temps:          0       1
      Totals:         0       1
Total ram usage:        1 bytes
 Hardware stack levels used:    1
 Hardware stack levels required when called:    3
 This function calls:
		_wait_with_check
 This function is called by:
		_main
 This function uses a non-reentrant model


 *************** function _single_dec *****************
 Defined at:
		line 166 in file "code_generator.c"
 Parameters:    Size  Location     Type
		None
 Auto vars:     Size  Location     Type
		None
 Return value:  Size  Location     Type
                  1    wreg      void 
 Registers used:
		wreg, status,2, status,0, btemp+1, pclath, cstack
 Tracked objects:
		On entry : 
		On exit  : 
		Unchanged: 
 Data sizes:     COMMON   BANK0
      Params:         0       0
      Locals:         0       0
      Temps:          0       0
      Totals:         0       0
Total ram usage:        0 bytes
 Hardware stack levels used:    1
 Hardware stack levels required when called:    3
 This function calls:
		_wait_with_check
 This function is called by:
		_main
 This function uses a non-reentrant model


 *************** function _only_one *****************
 Defined at:
		line 126 in file "code_generator.c"
 Parameters:    Size  Location     Type
		None
 Auto vars:     Size  Location     Type
		None
 Return value:  Size  Location     Type
                  1    wreg      void 
 Registers used:
		wreg, status,2, status,0, btemp+1, pclath, cstack
 Tracked objects:
		On entry : 
		On exit  : 
		Unchanged: 
 Data sizes:     COMMON   BANK0
      Params:         0       0
      Locals:         0       0
      Temps:          0       2
      Totals:         0       2
Total ram usage:        2 bytes
 Hardware stack levels used:    1
 Hardware stack levels required when called:    3
 This function calls:
		_wait_with_check
 This function is called by:
		_main
 This function uses a non-reentrant model


 *************** function _johnson *****************
 Defined at:
		line 140 in file "code_generator.c"
 Parameters:    Size  Location     Type
		None
 Auto vars:     Size  Location     Type
		None
 Return value:  Size  Location     Type
                  1    wreg      void 
 Registers used:
		wreg, status,2, status,0, btemp+1, pclath, cstack
 Tracked objects:
		On entry : 
		On exit  : 
		Unchanged: 
 Data sizes:     COMMON   BANK0
      Params:         0       0
      Locals:         0       0
      Temps:          0       3
      Totals:         0       3
Total ram usage:        3 bytes
 Hardware stack levels used:    1
 Hardware stack levels required when called:    3
 This function calls:
		_invert_byte
		_wait_with_check
 This function is called by:
		_main
 This function uses a non-reentrant model


 *************** function _invert_byte *****************
 Defined at:
		line 206 in file "code_generator.c"
 Parameters:    Size  Location     Type
  a               1    wreg     unsigned char 
 Auto vars:     Size  Location     Type
  a               1    4[BANK0 ] unsigned char 
  i               2    2[BANK0 ] int 
  b               1    5[BANK0 ] unsigned char 
 Return value:  Size  Location     Type
                  1    wreg      unsigned char 
 Registers used:
		wreg, status,2, status,0, btemp+1
 Tracked objects:
		On entry : 
		On exit  : 
		Unchanged: 
 Data sizes:     COMMON   BANK0
      Params:         0       0
      Locals:         0       4
      Temps:          0       2
      Totals:         0       6
Total ram usage:        6 bytes
 Hardware stack levels used:    1
 This function calls:
		Nothing
 This function is called by:
		_johnson
 This function uses a non-reentrant model


 *************** function _grayencode *****************
 Defined at:
		line 114 in file "code_generator.c"
 Parameters:    Size  Location     Type
		None
 Auto vars:     Size  Location     Type
		None
 Return value:  Size  Location     Type
                  1    wreg      void 
 Registers used:
		wreg, status,2, status,0, btemp+1, pclath, cstack
 Tracked objects:
		On entry : 
		On exit  : 
		Unchanged: 
 Data sizes:     COMMON   BANK0
      Params:         0       0
      Locals:         0       0
      Temps:          0       2
      Totals:         0       2
Total ram usage:        2 bytes
 Hardware stack levels used:    1
 Hardware stack levels required when called:    3
 This function calls:
		_wait_with_check
 This function is called by:
		_main
 This function uses a non-reentrant model


 *************** function _wait_with_check *****************
 Defined at:
		line 194 in file "code_generator.c"
 Parameters:    Size  Location     Type
		None
 Auto vars:     Size  Location     Type
  i               2    6[BANK0 ] int 
 Return value:  Size  Location     Type
                  1    wreg      void 
 Registers used:
		wreg, status,2, status,0, btemp+1, pclath, cstack
 Tracked objects:
		On entry : 
		On exit  : 
		Unchanged: 
 Data sizes:     COMMON   BANK0
      Params:         0       0
      Locals:         0       2
      Temps:          0       0
      Totals:         0       2
Total ram usage:        2 bytes
 Hardware stack levels used:    1
 Hardware stack levels required when called:    2
 This function calls:
		_is_mode_changed
 This function is called by:
		_single_inc
		_grayencode
		_only_one
		_johnson
		_single_dec
 This function uses a non-reentrant model


 *************** function _is_mode_changed *****************
 Defined at:
		line 181 in file "code_generator.c"
 Parameters:    Size  Location     Type
		None
 Auto vars:     Size  Location     Type
  temp_key        1    5[BANK0 ] unsigned char 
 Return value:  Size  Location     Type
                  1    wreg      unsigned char 
 Registers used:
		wreg, status,2, status,0, pclath, cstack
 Tracked objects:
		On entry : 
		On exit  : 
		Unchanged: 
 Data sizes:     COMMON   BANK0
      Params:         0       0
      Locals:         0       1
      Temps:          0       1
      Totals:         0       2
Total ram usage:        2 bytes
 Hardware stack levels used:    1
 Hardware stack levels required when called:    1
 This function calls:
		_get_key
 This function is called by:
		_stop_gen
		_wait_with_check
 This function uses a non-reentrant model


 *************** function _get_key *****************
 Defined at:
		line 61 in file "code_generator.c"
 Parameters:    Size  Location     Type
		None
 Auto vars:     Size  Location     Type
  key             1    3[BANK0 ] unsigned char 
  template        1    2[BANK0 ] unsigned char 
 Return value:  Size  Location     Type
                  1    wreg      unsigned char 
 Registers used:
		wreg, status,2, status,0
 Tracked objects:
		On entry : 
		On exit  : 
		Unchanged: 
 Data sizes:     COMMON   BANK0
      Params:         0       0
      Locals:         0       2
      Temps:          0       2
      Totals:         0       4
Total ram usage:        4 bytes
 Hardware stack levels used:    1
 This function calls:
		Nothing
 This function is called by:
		_is_mode_changed
 This function uses a non-reentrant model



MODULE INFORMATION

Module		Function		Class		Link	Load	Size
code_generator.c
		_johnson       		CODE           	035C	0000	76
		_invert_byte   		CODE           	02FD	0000	45
		_main          		CODE           	032A	0000	50
		_stop_gen      		CODE           	0270	0000	2
		_grayencode    		CODE           	02A3	0000	24
		_is_mode_changed		CODE           	028F	0000	20
		_single_dec    		CODE           	0272	0000	14
		_single_inc    		CODE           	0280	0000	15
		_only_one      		CODE           	02DB	0000	34
		_get_key       		CODE           	03A8	0000	82
		_wait_with_check		CODE           	02BB	0000	32

code_generator.c estimated size: 394

shared
		__initialization		CODE           	03FA	0000	4

shared estimated size: 4

