Microchip MPLAB XC8 Compiler V2.30

Linker command line:

-W-3 --edf=C:\Program Files\Microchip\xc8\v2.30\pic\dat\en_msgs.txt -cn \
  -h+dist/default/production\phone_keyboard.X.production.sym \
  --cmf=dist/default/production\phone_keyboard.X.production.cmf -z -Q16F84A \
  -oC:\Users\8E9B~1\AppData\Local\Temp\s92gx2 --defsym=__MPLAB_BUILD=1 \
  -Mdist/default/production/phone_keyboard.X.production.map -E1 \
  -ver=XC8 Compiler --acfsm=1493 -ASTACK=01Ch-04Dh -pstack=STACK \
  -ACODE=00h-03FFh -ASTRCODE=00h-03FFh -ASTRING=00h-0FFhx4 \
  -ACONST=00h-0FFhx4 -AENTRY=00h-0FFhx4 -ABANK0=0Ch-04Dh -ARAM=0Ch-04Dh \
  -AABS1=0Ch-04Fh -ACOMMON=04Eh-04Fh -ASFR0=00h-0Bh -ASFR1=080h-0CDh \
  -ACONFIG=02007h-02007h -DCONFIG=2 -AIDLOC=02000h-02003h -DIDLOC=2 \
  -AEEDATA=00h-03Fh/02100h -peeprom_data=EEDATA -DEEDATA=2 -DCODE=2 \
  -DSTRCODE=2 -DSTRING=2 -DCONST=2 -DENTRY=2 \
  -preset_vec=00h,intentry,init,end_init -ppowerup=CODE -pcinit=CODE \
  -pfunctab=ENTRY -k C:\Users\8E9B~1\AppData\Local\Temp\s92gxe.o \
  dist/default/production\phone_keyboard.X.production.o 

Object code version is 3.11

Machine type is 16F84A



                Name                               Link     Load   Length Selector   Space Scale
C:\Users\8E9B~1\AppData\Local\Temp\s92gxe.o
                end_init                              0        0        1        0       0
dist/default/production\phone_keyboard.X.production.o
                cinit                               3FE      3FE        2      7FC       0
                eeprom_data                           0     2100       10     4200       3
                text16                              34B      34B       14      696       0
                text15                              2E6      2E6        E      5CC       0
                text14                              29D      29D        B      53A       0
                text13                              2BF      2BF        D      57E       0
                text12                              31E      31E        F      63C       0
                text11                              32D      32D        F      65A       0
                text10                              2F4      2F4        E      5E8       0
                text9                               302      302        E      604       0
                text8                               2CC      2CC        D      598       0
                text7                               2A8      2A8        B      550       0
                text6                               2D9      2D9        D      5B2       0
                text5                               310      310        E      620       0
                text4                               293      293        A      526       0
                text3                               35F      35F       4A      6BE       0
                text2                               2B3      2B3        C      566       0
                text1                               3A9      3A9       55      752       0
                maintext                            33C      33C        F      678       0
                cstackBANK0                           C        C       10        C       1

TOTAL           Name                               Link     Load   Length     Space
        CLASS   STACK          

        CLASS   CODE           
                end_init                              0        0        1         0
                cinit                               3FE      3FE        2         0
                text16                              34B      34B       14         0
                text15                              2E6      2E6        E         0
                text14                              29D      29D        B         0
                text13                              2BF      2BF        D         0
                text12                              31E      31E        F         0
                text11                              32D      32D        F         0
                text10                              2F4      2F4        E         0
                text9                               302      302        E         0
                text8                               2CC      2CC        D         0
                text7                               2A8      2A8        B         0
                text6                               2D9      2D9        D         0
                text5                               310      310        E         0
                text4                               293      293        A         0
                text3                               35F      35F       4A         0
                text2                               2B3      2B3        C         0
                text1                               3A9      3A9       55         0
                maintext                            33C      33C        F         0

        CLASS   STRCODE        

        CLASS   STRING         

        CLASS   CONST          

        CLASS   ENTRY          

        CLASS   BANK0          
                cstackBANK0                           C        C       10         1

        CLASS   RAM            

        CLASS   ABS1           
                abs_s1                               4E       4E        2         1

        CLASS   COMMON         

        CLASS   SFR0           

        CLASS   SFR1           

        CLASS   CONFIG         

        CLASS   IDLOC          

        CLASS   EEDATA         
                eeprom_data                           0     2100       10         3

        CLASS   BANK1          



SEGMENTS        Name                           Load    Length   Top    Selector   Space  Class     Delta

                reset_vec                      000000  000001  000001         0       0  CODE        2
                cstackBANK0                    00000C  000010  00001C         C       1  BANK0       1
                text4                          000293  00000A  00029D       526       0  CODE        2
                text14                         00029D  00000B  0002A8       53A       0  CODE        2
                text7                          0002A8  00000B  0002B3       550       0  CODE        2
                text2                          0002B3  00000C  0002BF       566       0  CODE        2
                text13                         0002BF  00000D  0002CC       57E       0  CODE        2
                text8                          0002CC  00000D  0002D9       598       0  CODE        2
                text6                          0002D9  00000D  0002E6       5B2       0  CODE        2
                text15                         0002E6  00000E  0002F4       5CC       0  CODE        2
                text10                         0002F4  00000E  000302       5E8       0  CODE        2
                text9                          000302  00000E  000310       604       0  CODE        2
                text5                          000310  00000E  00031E       620       0  CODE        2
                text12                         00031E  00000F  00032D       63C       0  CODE        2
                text11                         00032D  00000F  00033C       65A       0  CODE        2
                maintext                       00033C  00000F  00034B       678       0  CODE        2
                text16                         00034B  000014  00035F       696       0  CODE        2
                text3                          00035F  00004A  0003A9       6BE       0  CODE        2
                text1                          0003A9  000055  0003FE       752       0  CODE        2
                cinit                          0003FE  000002  000400       7FC       0  CODE        2
                eeprom_data                    002100  000010  002110      4200       3  EEDATA      2


UNUSED ADDRESS RANGES

        Name                Unused          Largest block    Delta
        BANK0            001C-004D             32           1
        CODE             0001-0292            292           2
        CONFIG           2007-2007              1           2
        CONST            0001-0292            100           2
        EEDATA           2110-213F             30           2
        ENTRY            0001-0292            100           2
        IDLOC            2000-2003              4           2
        RAM              001C-004D             32           1
        SFR0             0000-000B              C           1
        SFR1             0080-00CD             4E           1
        STACK            001C-004D             32           1
        STRCODE          0001-0292            292           2
        STRING           0001-0292            100           2

                                  Symbol Table

_EEADR                   (abs)        0009
_EECON1                  (abs)        0088
_EECON1bits              (abs)        0088
_EEDATA                  (abs)        0008
_INTCONbits              (abs)        000B
_OPTION_REGbits          (abs)        0081
_PORTA                   (abs)        0005
_PORTAbits               (abs)        0005
_PORTB                   (abs)        0006
_PORTBbits               (abs)        0006
_TRISA                   (abs)        0085
_TRISB                   (abs)        0086
__Beeprom_data           eeprom_data  2100
__Habs1                  abs1         0000
__Hbank0                 bank0        0000
__Hbank1                 bank1        0000
__Hcinit                 cinit        0400
__Hclrtext               clrtext      0000
__Hcode                  code         0000
__Hcommon                common       0000
__HcstackBANK0           cstackBANK0  0000
__HcstackCOMMON          cstackCOMMON 0000
__Heeprom_data           eeprom_data  0010
__Hend_init              end_init     0001
__Hfunctab               functab      0000
__Hinit                  init         0000
__Hintentry              intentry     0000
__Hmaintext              maintext     0000
__Hpowerup               powerup      0000
__Hram                   ram          0000
__Hreset_vec             reset_vec    0000
__Hsfr0                  sfr0         0000
__Hsfr1                  sfr1         0000
__Hspace_0               (abs)        0400
__Hspace_1               (abs)        001C
__Hspace_2               (abs)        0000
__Hspace_3               (abs)        0010
__Hstack                 stack        0000
__Hstrings               strings      0000
__Htext                  text         0000
__Labs1                  abs1         0000
__Lbank0                 bank0        0000
__Lbank1                 bank1        0000
__Lcinit                 cinit        03FE
__Lclrtext               clrtext      0000
__Lcode                  code         0000
__Lcommon                common       0000
__LcstackBANK0           cstackBANK0  0000
__LcstackCOMMON          cstackCOMMON 0000
__Leeprom_data           eeprom_data  0000
__Lend_init              end_init     0000
__Lfunctab               functab      0000
__Linit                  init         0000
__Lintentry              intentry     0000
__Lmaintext              maintext     0000
__Lpowerup               powerup      0000
__Lram                   ram          0000
__Lreset_vec             reset_vec    0000
__Lsfr0                  sfr0         0000
__Lsfr1                  sfr1         0000
__Lspace_0               (abs)        0000
__Lspace_1               (abs)        0000
__Lspace_2               (abs)        0000
__Lspace_3               (abs)        0000
__Lstack                 stack        0000
__Lstrings               strings      0000
__Ltext                  text         0000
__S0                     (abs)        0400
__S1                     (abs)        001C
__S2                     (abs)        0000
__S3                     (abs)        2110
___int_sp                stack        0000
___latbits               (abs)        0000
___sp                    stack        0000
___stackhi               (abs)        0000
___stacklo               (abs)        0000
__end_of__initialization cinit        03FE
__end_of_eeprom_read     text16       035F
__end_of_get_key         text1        03FE
__end_of_main            maintext     034B
__end_of_make_sound      text3        03A9
__end_of_read_tone       text2        02BF
__end_of_sound_1         text15       02F4
__end_of_sound_10        text14       02A8
__end_of_sound_11        text13       02CC
__end_of_sound_12        text12       032D
__end_of_sound_2         text11       033C
__end_of_sound_3         text10       0302
__end_of_sound_4         text9        0310
__end_of_sound_5         text8        02D9
__end_of_sound_6         text7        02B3
__end_of_sound_7         text6        02E6
__end_of_sound_8         text5        031E
__end_of_sound_9         text4        029D
__initialization         cinit        03FE
__pcstackBANK0           cstackBANK0  000C
__pcstackCOMMON          cstackCOMMON 0000
__pmaintext              maintext     033C
__ptext1                 text1        03A9
__ptext10                text10       02F4
__ptext11                text11       032D
__ptext12                text12       031E
__ptext13                text13       02BF
__ptext14                text14       029D
__ptext15                text15       02E6
__ptext16                text16       034B
__ptext2                 text2        02B3
__ptext3                 text3        035F
__ptext4                 text4        0293
__ptext5                 text5        0310
__ptext6                 text6        02D9
__ptext7                 text7        02A8
__ptext8                 text8        02CC
__ptext9                 text9        0302
__size_of_eeprom_read    (abs)        0000
__size_of_get_key        (abs)        0000
__size_of_main           (abs)        0000
__size_of_make_sound     (abs)        0000
__size_of_read_tone      (abs)        0000
__size_of_sound_1        (abs)        0000
__size_of_sound_10       (abs)        0000
__size_of_sound_11       (abs)        0000
__size_of_sound_12       (abs)        0000
__size_of_sound_2        (abs)        0000
__size_of_sound_3        (abs)        0000
__size_of_sound_4        (abs)        0000
__size_of_sound_5        (abs)        0000
__size_of_sound_6        (abs)        0000
__size_of_sound_7        (abs)        0000
__size_of_sound_8        (abs)        0000
__size_of_sound_9        (abs)        0000
_eeprom_read             text16       034B
_get_key                 text1        03A9
_main                    maintext     033C
_make_sound              text3        035F
_read_tone               text2        02B3
_sound_1                 text15       02E6
_sound_10                text14       029D
_sound_11                text13       02BF
_sound_12                text12       031E
_sound_2                 text11       032D
_sound_3                 text10       02F4
_sound_4                 text9        0302
_sound_5                 text8        02CC
_sound_6                 text7        02A8
_sound_7                 text6        02D9
_sound_8                 text5        0310
_sound_9                 text4        0293
btemp                    (abs)        004E
eeprom_read@addr         cstackBANK0  000D
end_of_initialization    cinit        03FE
get_key@key              cstackBANK0  0017
get_key@template         cstackBANK0  0016
intlevel0                functab      0000
intlevel1                functab      0000
intlevel2                functab      0000
intlevel3                functab      0000
intlevel4                functab      0000
intlevel5                functab      0000
make_sound@n             cstackBANK0  000F
read_tone@key            cstackBANK0  0012
read_tone@value          cstackBANK0  0013
reset_vec                reset_vec    0000
start                    init         0000
start_initialization     cinit        03FE
wtemp0                   (abs)        004E


FUNCTION INFORMATION:

 *************** function _main *****************
 Defined at:
		line 24 in file "phone_keyboard.c"
 Parameters:    Size  Location     Type
  argc            2   12[BANK0 ] int 
  argv            2   14[BANK0 ] PTR PTR unsigned char 
 Auto vars:     Size  Location     Type
  key             1    0        unsigned char 
 Return value:  Size  Location     Type
                  2   12[BANK0 ] int 
 Registers used:
		wreg, fsr0l, fsr0h, status,2, status,0, pclath, cstack
 Tracked objects:
		On entry : 
		On exit  : 
		Unchanged: 
 Data sizes:     COMMON   BANK0
      Params:         0       4
      Locals:         0       1
      Temps:          0       0
      Totals:         0       5
Total ram usage:        5 bytes
 Hardware stack levels required when called:    4
 This function calls:
		_get_key
 This function is called by:
		Startup code after reset
 This function uses a non-reentrant model


 *************** function _get_key *****************
 Defined at:
		line 45 in file "phone_keyboard.c"
 Parameters:    Size  Location     Type
		None
 Auto vars:     Size  Location     Type
  key             1   11[BANK0 ] unsigned char 
  template        1   10[BANK0 ] unsigned char 
 Return value:  Size  Location     Type
                  1    wreg      unsigned char 
 Registers used:
		wreg, fsr0l, fsr0h, status,2, status,0, pclath, cstack
 Tracked objects:
		On entry : 
		On exit  : 
		Unchanged: 
 Data sizes:     COMMON   BANK0
      Params:         0       0
      Locals:         0       2
      Temps:          0       2
      Totals:         0       4
Total ram usage:        4 bytes
 Hardware stack levels used:    1
 Hardware stack levels required when called:    3
 This function calls:
		_read_tone
 This function is called by:
		_main
 This function uses a non-reentrant model


 *************** function _read_tone *****************
 Defined at:
		line 226 in file "phone_keyboard.c"
 Parameters:    Size  Location     Type
  key             1    wreg     unsigned char 
 Auto vars:     Size  Location     Type
  key             1    6[BANK0 ] unsigned char 
  value           1    7[BANK0 ] volatile unsigned char 
  address         1    0        unsigned char 
 Return value:  Size  Location     Type
                  1    wreg      void 
 Registers used:
		wreg, fsr0l, fsr0h, status,2, status,0, pclath, cstack
 Tracked objects:
		On entry : 
		On exit  : 
		Unchanged: 
 Data sizes:     COMMON   BANK0
      Params:         0       0
      Locals:         0       3
      Temps:          0       1
      Totals:         0       4
Total ram usage:        4 bytes
 Hardware stack levels used:    1
 Hardware stack levels required when called:    2
 This function calls:
		_eeprom_read
		_make_sound
 This function is called by:
		_get_key
 This function uses a non-reentrant model


 *************** function _make_sound *****************
 Defined at:
		line 184 in file "phone_keyboard.c"
 Parameters:    Size  Location     Type
  n               1    wreg     unsigned char 
 Auto vars:     Size  Location     Type
  n               1    3[BANK0 ] unsigned char 
 Return value:  Size  Location     Type
                  1    wreg      void 
 Registers used:
		wreg, fsr0l, fsr0h, status,2, status,0, pclath, cstack
 Tracked objects:
		On entry : 
		On exit  : 
		Unchanged: 
 Data sizes:     COMMON   BANK0
      Params:         0       0
      Locals:         0       1
      Temps:          0       2
      Totals:         0       3
Total ram usage:        3 bytes
 Hardware stack levels used:    1
 Hardware stack levels required when called:    1
 This function calls:
		_sound_1
		_sound_10
		_sound_11
		_sound_12
		_sound_2
		_sound_3
		_sound_4
		_sound_5
		_sound_6
		_sound_7
		_sound_8
		_sound_9
 This function is called by:
		_read_tone
 This function uses a non-reentrant model


 *************** function _sound_9 *****************
 Defined at:
		line 152 in file "phone_keyboard.c"
 Parameters:    Size  Location     Type
		None
 Auto vars:     Size  Location     Type
		None
 Return value:  Size  Location     Type
                  1    wreg      void 
 Registers used:
		None
 Tracked objects:
		On entry : 
		On exit  : 
		Unchanged: 
 Data sizes:     COMMON   BANK0
      Params:         0       0
      Locals:         0       0
      Temps:          0       0
      Totals:         0       0
Total ram usage:        0 bytes
 Hardware stack levels used:    1
 This function calls:
		Nothing
 This function is called by:
		_make_sound
 This function uses a non-reentrant model


 *************** function _sound_8 *****************
 Defined at:
		line 144 in file "phone_keyboard.c"
 Parameters:    Size  Location     Type
		None
 Auto vars:     Size  Location     Type
		None
 Return value:  Size  Location     Type
                  1    wreg      void 
 Registers used:
		wreg
 Tracked objects:
		On entry : 
		On exit  : 
		Unchanged: 
 Data sizes:     COMMON   BANK0
      Params:         0       0
      Locals:         0       0
      Temps:          0       1
      Totals:         0       1
Total ram usage:        1 bytes
 Hardware stack levels used:    1
 This function calls:
		Nothing
 This function is called by:
		_make_sound
 This function uses a non-reentrant model


 *************** function _sound_7 *****************
 Defined at:
		line 136 in file "phone_keyboard.c"
 Parameters:    Size  Location     Type
		None
 Auto vars:     Size  Location     Type
		None
 Return value:  Size  Location     Type
                  1    wreg      void 
 Registers used:
		wreg
 Tracked objects:
		On entry : 
		On exit  : 
		Unchanged: 
 Data sizes:     COMMON   BANK0
      Params:         0       0
      Locals:         0       0
      Temps:          0       1
      Totals:         0       1
Total ram usage:        1 bytes
 Hardware stack levels used:    1
 This function calls:
		Nothing
 This function is called by:
		_make_sound
 This function uses a non-reentrant model


 *************** function _sound_6 *****************
 Defined at:
		line 128 in file "phone_keyboard.c"
 Parameters:    Size  Location     Type
		None
 Auto vars:     Size  Location     Type
		None
 Return value:  Size  Location     Type
                  1    wreg      void 
 Registers used:
		wreg
 Tracked objects:
		On entry : 
		On exit  : 
		Unchanged: 
 Data sizes:     COMMON   BANK0
      Params:         0       0
      Locals:         0       0
      Temps:          0       1
      Totals:         0       1
Total ram usage:        1 bytes
 Hardware stack levels used:    1
 This function calls:
		Nothing
 This function is called by:
		_make_sound
 This function uses a non-reentrant model


 *************** function _sound_5 *****************
 Defined at:
		line 120 in file "phone_keyboard.c"
 Parameters:    Size  Location     Type
		None
 Auto vars:     Size  Location     Type
		None
 Return value:  Size  Location     Type
                  1    wreg      void 
 Registers used:
		wreg
 Tracked objects:
		On entry : 
		On exit  : 
		Unchanged: 
 Data sizes:     COMMON   BANK0
      Params:         0       0
      Locals:         0       0
      Temps:          0       1
      Totals:         0       1
Total ram usage:        1 bytes
 Hardware stack levels used:    1
 This function calls:
		Nothing
 This function is called by:
		_make_sound
 This function uses a non-reentrant model


 *************** function _sound_4 *****************
 Defined at:
		line 112 in file "phone_keyboard.c"
 Parameters:    Size  Location     Type
		None
 Auto vars:     Size  Location     Type
		None
 Return value:  Size  Location     Type
                  1    wreg      void 
 Registers used:
		wreg
 Tracked objects:
		On entry : 
		On exit  : 
		Unchanged: 
 Data sizes:     COMMON   BANK0
      Params:         0       0
      Locals:         0       0
      Temps:          0       1
      Totals:         0       1
Total ram usage:        1 bytes
 Hardware stack levels used:    1
 This function calls:
		Nothing
 This function is called by:
		_make_sound
 This function uses a non-reentrant model


 *************** function _sound_3 *****************
 Defined at:
		line 104 in file "phone_keyboard.c"
 Parameters:    Size  Location     Type
		None
 Auto vars:     Size  Location     Type
		None
 Return value:  Size  Location     Type
                  1    wreg      void 
 Registers used:
		wreg
 Tracked objects:
		On entry : 
		On exit  : 
		Unchanged: 
 Data sizes:     COMMON   BANK0
      Params:         0       0
      Locals:         0       0
      Temps:          0       1
      Totals:         0       1
Total ram usage:        1 bytes
 Hardware stack levels used:    1
 This function calls:
		Nothing
 This function is called by:
		_make_sound
 This function uses a non-reentrant model


 *************** function _sound_2 *****************
 Defined at:
		line 96 in file "phone_keyboard.c"
 Parameters:    Size  Location     Type
		None
 Auto vars:     Size  Location     Type
		None
 Return value:  Size  Location     Type
                  1    wreg      void 
 Registers used:
		wreg
 Tracked objects:
		On entry : 
		On exit  : 
		Unchanged: 
 Data sizes:     COMMON   BANK0
      Params:         0       0
      Locals:         0       0
      Temps:          0       1
      Totals:         0       1
Total ram usage:        1 bytes
 Hardware stack levels used:    1
 This function calls:
		Nothing
 This function is called by:
		_make_sound
 This function uses a non-reentrant model


 *************** function _sound_12 *****************
 Defined at:
		line 176 in file "phone_keyboard.c"
 Parameters:    Size  Location     Type
		None
 Auto vars:     Size  Location     Type
		None
 Return value:  Size  Location     Type
                  1    wreg      void 
 Registers used:
		wreg
 Tracked objects:
		On entry : 
		On exit  : 
		Unchanged: 
 Data sizes:     COMMON   BANK0
      Params:         0       0
      Locals:         0       0
      Temps:          0       1
      Totals:         0       1
Total ram usage:        1 bytes
 Hardware stack levels used:    1
 This function calls:
		Nothing
 This function is called by:
		_make_sound
 This function uses a non-reentrant model


 *************** function _sound_11 *****************
 Defined at:
		line 168 in file "phone_keyboard.c"
 Parameters:    Size  Location     Type
		None
 Auto vars:     Size  Location     Type
		None
 Return value:  Size  Location     Type
                  1    wreg      void 
 Registers used:
		wreg
 Tracked objects:
		On entry : 
		On exit  : 
		Unchanged: 
 Data sizes:     COMMON   BANK0
      Params:         0       0
      Locals:         0       0
      Temps:          0       1
      Totals:         0       1
Total ram usage:        1 bytes
 Hardware stack levels used:    1
 This function calls:
		Nothing
 This function is called by:
		_make_sound
 This function uses a non-reentrant model


 *************** function _sound_10 *****************
 Defined at:
		line 160 in file "phone_keyboard.c"
 Parameters:    Size  Location     Type
		None
 Auto vars:     Size  Location     Type
		None
 Return value:  Size  Location     Type
                  1    wreg      void 
 Registers used:
		wreg
 Tracked objects:
		On entry : 
		On exit  : 
		Unchanged: 
 Data sizes:     COMMON   BANK0
      Params:         0       0
      Locals:         0       0
      Temps:          0       1
      Totals:         0       1
Total ram usage:        1 bytes
 Hardware stack levels used:    1
 This function calls:
		Nothing
 This function is called by:
		_make_sound
 This function uses a non-reentrant model


 *************** function _sound_1 *****************
 Defined at:
		line 88 in file "phone_keyboard.c"
 Parameters:    Size  Location     Type
		None
 Auto vars:     Size  Location     Type
		None
 Return value:  Size  Location     Type
                  1    wreg      void 
 Registers used:
		wreg
 Tracked objects:
		On entry : 
		On exit  : 
		Unchanged: 
 Data sizes:     COMMON   BANK0
      Params:         0       0
      Locals:         0       0
      Temps:          0       1
      Totals:         0       1
Total ram usage:        1 bytes
 Hardware stack levels used:    1
 This function calls:
		Nothing
 This function is called by:
		_make_sound
 This function uses a non-reentrant model


 *************** function _eeprom_read *****************
 Defined at:
		line 6 in file "C:\Program Files\Microchip\xc8\v2.30\pic\sources\c90\pic\__eeread.c"
 Parameters:    Size  Location     Type
  addr            1    wreg     unsigned char 
 Auto vars:     Size  Location     Type
  addr            1    1[BANK0 ] unsigned char 
 Return value:  Size  Location     Type
                  1    wreg      unsigned char 
 Registers used:
		wreg, status,2, status,0
 Tracked objects:
		On entry : 
		On exit  : 
		Unchanged: 
 Data sizes:     COMMON   BANK0
      Params:         0       0
      Locals:         0       1
      Temps:          0       1
      Totals:         0       2
Total ram usage:        2 bytes
 Hardware stack levels used:    1
 This function calls:
		Nothing
 This function is called by:
		_read_tone
 This function uses a non-reentrant model



MODULE INFORMATION

Module		Function		Class		Link	Load	Size
C:\Program Files\Microchip\xc8\v2.30\pic\sources\c90\pic\__eeread.c
		_eeprom_read   		CODE           	034B	0000	20

C:\Program Files\Microchip\xc8\v2.30\pic\sources\c90\pic\__eeread.c estimated size: 20

shared
		__initialization		CODE           	03FE	0000	1

shared estimated size: 1

phone_keyboard.c
		_sound_3       		CODE           	02F4	0000	14
		_sound_6       		CODE           	02A8	0000	11
		_sound_9       		CODE           	0293	0000	10
		_main          		CODE           	033C	0000	15
		_sound_2       		CODE           	032D	0000	15
		_sound_5       		CODE           	02CC	0000	13
		_sound_8       		CODE           	0310	0000	14
		_sound_1       		CODE           	02E6	0000	14
		_sound_10      		CODE           	029D	0000	11
		_sound_11      		CODE           	02BF	0000	13
		_sound_12      		CODE           	031E	0000	15
		_sound_4       		CODE           	0302	0000	14
		_read_tone     		CODE           	02B3	0000	12
		_make_sound    		CODE           	035F	0000	74
		_get_key       		CODE           	03A9	0000	85
		_sound_7       		CODE           	02D9	0000	13

phone_keyboard.c estimated size: 343

