Microchip MPLAB XC8 Compiler V2.30

Linker command line:

-W-3 --edf=C:\Program Files\Microchip\xc8\v2.30\pic\dat\en_msgs.txt -cn \
  -h+dist/default/debug\phone_keyboard.X.debug.sym \
  --cmf=dist/default/debug\phone_keyboard.X.debug.cmf -z -Q16F84A \
  -oC:\Users\8E9B~1\AppData\Local\Temp\s5ccx2 --defsym=__MPLAB_BUILD=1 \
  -Mdist/default/debug/phone_keyboard.X.debug.map -E1 -ver=XC8 Compiler \
  --acfsm=1493 -ASTACK=016h-04Dh -pstack=STACK -ACODE=00h-03FFh \
  -ASTRCODE=00h-03FFh -ASTRING=00h-0FFhx4 -ACONST=00h-0FFhx4 \
  -AENTRY=00h-0FFhx4 -ABANK0=0Ch-04Dh -ARAM=0Ch-04Dh -AABS1=0Ch-04Fh \
  -ACOMMON=04Eh-04Fh -ASFR0=00h-0Bh -ASFR1=080h-0CDh -ACONFIG=02007h-02007h \
  -DCONFIG=2 -AIDLOC=02000h-02003h -DIDLOC=2 -AEEDATA=00h-03Fh/02100h \
  -peeprom_data=EEDATA -DEEDATA=2 -DCODE=2 -DSTRCODE=2 -DSTRING=2 -DCONST=2 \
  -DENTRY=2 -preset_vec=00h,intentry,init,end_init -ppowerup=CODE \
  -pcinit=CODE -pfunctab=ENTRY -k \
  C:\Users\8E9B~1\AppData\Local\Temp\s5ccxb.o \
  dist/default/debug\phone_keyboard.X.debug.o 

Object code version is 3.11

Machine type is 16F84A



                Name                               Link     Load   Length Selector   Space Scale
C:\Users\8E9B~1\AppData\Local\Temp\s5ccxb.o
                end_init                              0        0        1        0       0
dist/default/debug\phone_keyboard.X.debug.o
                cinit                               3FE      3FE        2      7FC       0
                text1                               3AC      3AC       52      758       0
                maintext                            392      392       1A      724       0
                cstackBANK0                           C        C        A        C       1

TOTAL           Name                               Link     Load   Length     Space
        CLASS   STACK          

        CLASS   CODE           
                end_init                              0        0        1         0
                cinit                               3FE      3FE        2         0
                text1                               3AC      3AC       52         0
                maintext                            392      392       1A         0

        CLASS   STRCODE        

        CLASS   STRING         

        CLASS   CONST          

        CLASS   ENTRY          

        CLASS   BANK0          
                cstackBANK0                           C        C        A         1

        CLASS   RAM            

        CLASS   ABS1           
                abs_s1                               4E       4E        2         1

        CLASS   COMMON         

        CLASS   SFR0           

        CLASS   SFR1           

        CLASS   CONFIG         

        CLASS   IDLOC          

        CLASS   EEDATA         

        CLASS   BANK1          



SEGMENTS        Name                           Load    Length   Top    Selector   Space  Class     Delta

                reset_vec                      000000  000001  000001         0       0  CODE        2
                cstackBANK0                    00000C  00000A  000016         C       1  BANK0       1
                maintext                       000392  00001A  0003AC       724       0  CODE        2
                text1                          0003AC  000052  0003FE       758       0  CODE        2
                cinit                          0003FE  000002  000400       7FC       0  CODE        2


UNUSED ADDRESS RANGES

        Name                Unused          Largest block    Delta
        BANK0            016-04D            38           1
        CODE             001-391           391           2
        CONFIG           2007-2007             1           2
        CONST            001-391           100           2
        EEDATA           2100-213F            40           2
        ENTRY            001-391           100           2
        IDLOC            2000-2003             4           2
        RAM              016-04D            38           1
        SFR0             000-00B             C           1
        SFR1             080-0CD            4E           1
        STACK            016-04D            38           1
        STRCODE          001-391           391           2
        STRING           001-391           100           2

                                  Symbol Table

_INTCONbits              (abs)       00B
_OPTION_REGbits          (abs)       081
_PORTA                   (abs)       005
_PORTB                   (abs)       006
_PORTBbits               (abs)       006
_TRISA                   (abs)       085
_TRISB                   (abs)       086
__Habs1                  abs1        000
__Hbank0                 bank0       000
__Hbank1                 bank1       000
__Hcinit                 cinit       400
__Hclrtext               clrtext     000
__Hcode                  code        000
__Hcommon                common      000
__HcstackBANK0           cstackBANK0 000
__Heeprom_data           eeprom_data 000
__Hend_init              end_init    001
__Hfunctab               functab     000
__Hinit                  init        000
__Hintentry              intentry    000
__Hmaintext              maintext    000
__Hpowerup               powerup     000
__Hram                   ram         000
__Hreset_vec             reset_vec   000
__Hsfr0                  sfr0        000
__Hsfr1                  sfr1        000
__Hspace_0               (abs)       400
__Hspace_1               (abs)       016
__Hspace_2               (abs)       000
__Hspace_3               (abs)       000
__Hstack                 stack       000
__Hstrings               strings     000
__Htext                  text        000
__Labs1                  abs1        000
__Lbank0                 bank0       000
__Lbank1                 bank1       000
__Lcinit                 cinit       3FE
__Lclrtext               clrtext     000
__Lcode                  code        000
__Lcommon                common      000
__LcstackBANK0           cstackBANK0 000
__Leeprom_data           eeprom_data 000
__Lend_init              end_init    000
__Lfunctab               functab     000
__Linit                  init        000
__Lintentry              intentry    000
__Lmaintext              maintext    000
__Lpowerup               powerup     000
__Lram                   ram         000
__Lreset_vec             reset_vec   000
__Lsfr0                  sfr0        000
__Lsfr1                  sfr1        000
__Lspace_0               (abs)       000
__Lspace_1               (abs)       000
__Lspace_2               (abs)       000
__Lspace_3               (abs)       000
__Lstack                 stack       000
__Lstrings               strings     000
__Ltext                  text        000
__S0                     (abs)       400
__S1                     (abs)       016
__S2                     (abs)       000
__S3                     (abs)       000
___int_sp                stack       000
___latbits               (abs)       000
___sp                    stack       000
___stackhi               (abs)       000
___stacklo               (abs)       000
__end_of__initialization cinit       3FE
__end_of_get_key         text1       3FE
__end_of_main            maintext    3AC
__initialization         cinit       3FE
__pcstackBANK0           cstackBANK0 00C
__pmaintext              maintext    392
__ptext1                 text1       3AC
__size_of_get_key        (abs)       000
__size_of_main           (abs)       000
_get_key                 text1       3AC
_main                    maintext    392
btemp                    (abs)       04E
end_of_initialization    cinit       3FE
get_key@key              cstackBANK0 00F
get_key@template         cstackBANK0 00E
intlevel0                functab     000
intlevel1                functab     000
intlevel2                functab     000
intlevel3                functab     000
intlevel4                functab     000
intlevel5                functab     000
main@key                 cstackBANK0 015
reset_vec                reset_vec   000
start                    init        000
start_initialization     cinit       3FE
wtemp0                   (abs)       04E


FUNCTION INFORMATION:

 *************** function _main *****************
 Defined at:
		line 9 in file "phone_keyboard.c"
 Parameters:    Size  Location     Type
  argc            2    4[BANK0 ] int 
  argv            2    6[BANK0 ] PTR PTR unsigned char 
 Auto vars:     Size  Location     Type
  key             1    9[BANK0 ] unsigned char 
 Return value:  Size  Location     Type
                  2    4[BANK0 ] int 
 Registers used:
		wreg, status,2, status,0, pclath, cstack
 Tracked objects:
		On entry : 
		On exit  : 
		Unchanged: 
 Data sizes:     COMMON   BANK0
      Params:         0       4
      Locals:         0       1
      Temps:          0       1
      Totals:         0       6
Total ram usage:        6 bytes
 Hardware stack levels required when called:    1
 This function calls:
		_get_key
 This function is called by:
		Startup code after reset
 This function uses a non-reentrant model


 *************** function _get_key *****************
 Defined at:
		line 30 in file "phone_keyboard.c"
 Parameters:    Size  Location     Type
		None
 Auto vars:     Size  Location     Type
  key             1    3[BANK0 ] unsigned char 
  template        1    2[BANK0 ] unsigned char 
 Return value:  Size  Location     Type
                  1    wreg      unsigned char 
 Registers used:
		wreg, status,2, status,0
 Tracked objects:
		On entry : 
		On exit  : 
		Unchanged: 
 Data sizes:     COMMON   BANK0
      Params:         0       0
      Locals:         0       2
      Temps:          0       2
      Totals:         0       4
Total ram usage:        4 bytes
 Hardware stack levels used:    1
 This function calls:
		Nothing
 This function is called by:
		_main
 This function uses a non-reentrant model



MODULE INFORMATION

Module		Function		Class		Link	Load	Size
shared
		__initialization		CODE           	03FE	0000	1

shared estimated size: 1

phone_keyboard.c
		_main          		CODE           	0392	0000	26
		_get_key       		CODE           	03AC	0000	82

phone_keyboard.c estimated size: 108

